Archive member included to satisfy reference by file (symbol)

c:/st/stm32cubeide_1.11.2/stm32cubeide/plugins/com.st.stm32cube.ide.mcu.externaltools.gnu-tools-for-stm32.10.3-2021.10.win32_1.0.100.202210260954/tools/bin/../lib/gcc/arm-none-eabi/10.3.1/../../../../arm-none-eabi/lib/thumb/v7e-m+fp/hard\libc_nano.a(lib_a-errno.o)
                              ./Core/Src/syscalls.o (__errno)
c:/st/stm32cubeide_1.11.2/stm32cubeide/plugins/com.st.stm32cube.ide.mcu.externaltools.gnu-tools-for-stm32.10.3-2021.10.win32_1.0.100.202210260954/tools/bin/../lib/gcc/arm-none-eabi/10.3.1/../../../../arm-none-eabi/lib/thumb/v7e-m+fp/hard\libc_nano.a(lib_a-exit.o)
                              c:/st/stm32cubeide_1.11.2/stm32cubeide/plugins/com.st.stm32cube.ide.mcu.externaltools.gnu-tools-for-stm32.10.3-2021.10.win32_1.0.100.202210260954/tools/bin/../lib/gcc/arm-none-eabi/10.3.1/../../../../arm-none-eabi/lib/thumb/v7e-m+fp/hard/crt0.o (exit)
c:/st/stm32cubeide_1.11.2/stm32cubeide/plugins/com.st.stm32cube.ide.mcu.externaltools.gnu-tools-for-stm32.10.3-2021.10.win32_1.0.100.202210260954/tools/bin/../lib/gcc/arm-none-eabi/10.3.1/../../../../arm-none-eabi/lib/thumb/v7e-m+fp/hard\libc_nano.a(lib_a-impure.o)
                              c:/st/stm32cubeide_1.11.2/stm32cubeide/plugins/com.st.stm32cube.ide.mcu.externaltools.gnu-tools-for-stm32.10.3-2021.10.win32_1.0.100.202210260954/tools/bin/../lib/gcc/arm-none-eabi/10.3.1/../../../../arm-none-eabi/lib/thumb/v7e-m+fp/hard\libc_nano.a(lib_a-exit.o) (_global_impure_ptr)
c:/st/stm32cubeide_1.11.2/stm32cubeide/plugins/com.st.stm32cube.ide.mcu.externaltools.gnu-tools-for-stm32.10.3-2021.10.win32_1.0.100.202210260954/tools/bin/../lib/gcc/arm-none-eabi/10.3.1/../../../../arm-none-eabi/lib/thumb/v7e-m+fp/hard\libc_nano.a(lib_a-init.o)
                              c:/st/stm32cubeide_1.11.2/stm32cubeide/plugins/com.st.stm32cube.ide.mcu.externaltools.gnu-tools-for-stm32.10.3-2021.10.win32_1.0.100.202210260954/tools/bin/../lib/gcc/arm-none-eabi/10.3.1/../../../../arm-none-eabi/lib/thumb/v7e-m+fp/hard/crt0.o (__libc_init_array)
c:/st/stm32cubeide_1.11.2/stm32cubeide/plugins/com.st.stm32cube.ide.mcu.externaltools.gnu-tools-for-stm32.10.3-2021.10.win32_1.0.100.202210260954/tools/bin/../lib/gcc/arm-none-eabi/10.3.1/../../../../arm-none-eabi/lib/thumb/v7e-m+fp/hard\libc_nano.a(lib_a-memset.o)
                              c:/st/stm32cubeide_1.11.2/stm32cubeide/plugins/com.st.stm32cube.ide.mcu.externaltools.gnu-tools-for-stm32.10.3-2021.10.win32_1.0.100.202210260954/tools/bin/../lib/gcc/arm-none-eabi/10.3.1/../../../../arm-none-eabi/lib/thumb/v7e-m+fp/hard/crt0.o (memset)
c:/st/stm32cubeide_1.11.2/stm32cubeide/plugins/com.st.stm32cube.ide.mcu.externaltools.gnu-tools-for-stm32.10.3-2021.10.win32_1.0.100.202210260954/tools/bin/../lib/gcc/arm-none-eabi/10.3.1/../../../../arm-none-eabi/lib/thumb/v7e-m+fp/hard\libc_nano.a(lib_a-strcat.o)
                              ./Core/Src/main.o (strcat)
c:/st/stm32cubeide_1.11.2/stm32cubeide/plugins/com.st.stm32cube.ide.mcu.externaltools.gnu-tools-for-stm32.10.3-2021.10.win32_1.0.100.202210260954/tools/bin/../lib/gcc/arm-none-eabi/10.3.1/../../../../arm-none-eabi/lib/thumb/v7e-m+fp/hard\libc_nano.a(lib_a-strlen.o)
                              ./Core/Src/fonts.o (strlen)
c:/st/stm32cubeide_1.11.2/stm32cubeide/plugins/com.st.stm32cube.ide.mcu.externaltools.gnu-tools-for-stm32.10.3-2021.10.win32_1.0.100.202210260954/tools/bin/../lib/gcc/arm-none-eabi/10.3.1/thumb/v7e-m+fp/hard\libgcc.a(_aeabi_uldivmod.o)
                              ./Drivers/STM32L4xx_HAL_Driver/Src/stm32l4xx_hal_uart.o (__aeabi_uldivmod)
c:/st/stm32cubeide_1.11.2/stm32cubeide/plugins/com.st.stm32cube.ide.mcu.externaltools.gnu-tools-for-stm32.10.3-2021.10.win32_1.0.100.202210260954/tools/bin/../lib/gcc/arm-none-eabi/10.3.1/thumb/v7e-m+fp/hard\libgcc.a(_udivmoddi4.o)
                              c:/st/stm32cubeide_1.11.2/stm32cubeide/plugins/com.st.stm32cube.ide.mcu.externaltools.gnu-tools-for-stm32.10.3-2021.10.win32_1.0.100.202210260954/tools/bin/../lib/gcc/arm-none-eabi/10.3.1/thumb/v7e-m+fp/hard\libgcc.a(_aeabi_uldivmod.o) (__udivmoddi4)
c:/st/stm32cubeide_1.11.2/stm32cubeide/plugins/com.st.stm32cube.ide.mcu.externaltools.gnu-tools-for-stm32.10.3-2021.10.win32_1.0.100.202210260954/tools/bin/../lib/gcc/arm-none-eabi/10.3.1/thumb/v7e-m+fp/hard\libgcc.a(_dvmd_tls.o)
                              c:/st/stm32cubeide_1.11.2/stm32cubeide/plugins/com.st.stm32cube.ide.mcu.externaltools.gnu-tools-for-stm32.10.3-2021.10.win32_1.0.100.202210260954/tools/bin/../lib/gcc/arm-none-eabi/10.3.1/thumb/v7e-m+fp/hard\libgcc.a(_aeabi_uldivmod.o) (__aeabi_ldiv0)

Discarded input sections

 .text          0x0000000000000000        0x0 c:/st/stm32cubeide_1.11.2/stm32cubeide/plugins/com.st.stm32cube.ide.mcu.externaltools.gnu-tools-for-stm32.10.3-2021.10.win32_1.0.100.202210260954/tools/bin/../lib/gcc/arm-none-eabi/10.3.1/thumb/v7e-m+fp/hard/crti.o
[...]
Memory Configuration

Name             Origin             Length             Attributes
RAM              0x0000000020000000 0x0000000000010000 xrw
RAM2             0x0000000010000000 0x0000000000004000 xrw
FLASH            0x0000000008000000 0x0000000000040000 xr
*default*        0x0000000000000000 0xffffffffffffffff

Linker script and memory map

LOAD c:/st/stm32cubeide_1.11.2/stm32cubeide/plugins/com.st.stm32cube.ide.mcu.externaltools.gnu-tools-for-stm32.10.3-2021.10.win32_1.0.100.202210260954/tools/bin/../lib/gcc/arm-none-eabi/10.3.1/thumb/v7e-m+fp/hard/crti.o
LOAD c:/st/stm32cubeide_1.11.2/stm32cubeide/plugins/com.st.stm32cube.ide.mcu.externaltools.gnu-tools-for-stm32.10.3-2021.10.win32_1.0.100.202210260954/tools/bin/../lib/gcc/arm-none-eabi/10.3.1/thumb/v7e-m+fp/hard/crtbegin.o
LOAD c:/st/stm32cubeide_1.11.2/stm32cubeide/plugins/com.st.stm32cube.ide.mcu.externaltools.gnu-tools-for-stm32.10.3-2021.10.win32_1.0.100.202210260954/tools/bin/../lib/gcc/arm-none-eabi/10.3.1/../../../../arm-none-eabi/lib/thumb/v7e-m+fp/hard/crt0.o
LOAD ./Core/Src/fatfs_sd.o
LOAD ./Core/Src/fonts.o
LOAD ./Core/Src/main.o
LOAD ./Core/Src/ssd1306.o
LOAD ./Core/Src/stm32l4xx_hal_msp.o
LOAD ./Core/Src/stm32l4xx_it.o
LOAD ./Core/Src/syscalls.o
LOAD ./Core/Src/sysmem.o
LOAD ./Core/Src/system_stm32l4xx.o
LOAD ./Core/Startup/startup_stm32l443cctx.o
LOAD ./Drivers/STM32L4xx_HAL_Driver/Src/stm32l4xx_hal.o
LOAD ./Drivers/STM32L4xx_HAL_Driver/Src/stm32l4xx_hal_cortex.o
LOAD ./Drivers/STM32L4xx_HAL_Driver/Src/stm32l4xx_hal_dma.o
LOAD ./Drivers/STM32L4xx_HAL_Driver/Src/stm32l4xx_hal_dma_ex.o
LOAD ./Drivers/STM32L4xx_HAL_Driver/Src/stm32l4xx_hal_exti.o
LOAD ./Drivers/STM32L4xx_HAL_Driver/Src/stm32l4xx_hal_flash.o
LOAD ./Drivers/STM32L4xx_HAL_Driver/Src/stm32l4xx_hal_flash_ex.o
LOAD ./Drivers/STM32L4xx_HAL_Driver/Src/stm32l4xx_hal_flash_ramfunc.o
LOAD ./Drivers/STM32L4xx_HAL_Driver/Src/stm32l4xx_hal_gpio.o
LOAD ./Drivers/STM32L4xx_HAL_Driver/Src/stm32l4xx_hal_i2c.o
LOAD ./Drivers/STM32L4xx_HAL_Driver/Src/stm32l4xx_hal_i2c_ex.o
LOAD ./Drivers/STM32L4xx_HAL_Driver/Src/stm32l4xx_hal_pwr.o
LOAD ./Drivers/STM32L4xx_HAL_Driver/Src/stm32l4xx_hal_pwr_ex.o
LOAD ./Drivers/STM32L4xx_HAL_Driver/Src/stm32l4xx_hal_rcc.o
LOAD ./Drivers/STM32L4xx_HAL_Driver/Src/stm32l4xx_hal_rcc_ex.o
LOAD ./Drivers/STM32L4xx_HAL_Driver/Src/stm32l4xx_hal_spi.o
LOAD ./Drivers/STM32L4xx_HAL_Driver/Src/stm32l4xx_hal_spi_ex.o
LOAD ./Drivers/STM32L4xx_HAL_Driver/Src/stm32l4xx_hal_uart.o
LOAD ./Drivers/STM32L4xx_HAL_Driver/Src/stm32l4xx_hal_uart_ex.o
LOAD ./FATFS/App/fatfs.o
LOAD ./FATFS/Target/user_diskio.o
LOAD ./Middlewares/Third_Party/FatFs/src/diskio.o
LOAD ./Middlewares/Third_Party/FatFs/src/ff.o
LOAD ./Middlewares/Third_Party/FatFs/src/ff_gen_drv.o
LOAD ./Middlewares/Third_Party/FatFs/src/option/syscall.o
START GROUP
LOAD c:/st/stm32cubeide_1.11.2/stm32cubeide/plugins/com.st.stm32cube.ide.mcu.externaltools.gnu-tools-for-stm32.10.3-2021.10.win32_1.0.100.202210260954/tools/bin/../lib/gcc/arm-none-eabi/10.3.1/../../../../arm-none-eabi/lib/thumb/v7e-m+fp/hard\libc_nano.a
LOAD c:/st/stm32cubeide_1.11.2/stm32cubeide/plugins/com.st.stm32cube.ide.mcu.externaltools.gnu-tools-for-stm32.10.3-2021.10.win32_1.0.100.202210260954/tools/bin/../lib/gcc/arm-none-eabi/10.3.1/../../../../arm-none-eabi/lib/thumb/v7e-m+fp/hard\libm.a
END GROUP
START GROUP
LOAD c:/st/stm32cubeide_1.11.2/stm32cubeide/plugins/com.st.stm32cube.ide.mcu.externaltools.gnu-tools-for-stm32.10.3-2021.10.win32_1.0.100.202210260954/tools/bin/../lib/gcc/arm-none-eabi/10.3.1/thumb/v7e-m+fp/hard\libgcc.a
LOAD c:/st/stm32cubeide_1.11.2/stm32cubeide/plugins/com.st.stm32cube.ide.mcu.externaltools.gnu-tools-for-stm32.10.3-2021.10.win32_1.0.100.202210260954/tools/bin/../lib/gcc/arm-none-eabi/10.3.1/../../../../arm-none-eabi/lib/thumb/v7e-m+fp/hard\libc_nano.a
END GROUP
START GROUP
LOAD c:/st/stm32cubeide_1.11.2/stm32cubeide/plugins/com.st.stm32cube.ide.mcu.externaltools.gnu-tools-for-stm32.10.3-2021.10.win32_1.0.100.202210260954/tools/bin/../lib/gcc/arm-none-eabi/10.3.1/thumb/v7e-m+fp/hard\libgcc.a
LOAD c:/st/stm32cubeide_1.11.2/stm32cubeide/plugins/com.st.stm32cube.ide.mcu.externaltools.gnu-tools-for-stm32.10.3-2021.10.win32_1.0.100.202210260954/tools/bin/../lib/gcc/arm-none-eabi/10.3.1/../../../../arm-none-eabi/lib/thumb/v7e-m+fp/hard\libc_nano.a
LOAD c:/st/stm32cubeide_1.11.2/stm32cubeide/plugins/com.st.stm32cube.ide.mcu.externaltools.gnu-tools-for-stm32.10.3-2021.10.win32_1.0.100.202210260954/tools/bin/../lib/gcc/arm-none-eabi/10.3.1/../../../../arm-none-eabi/lib/thumb/v7e-m+fp/hard\libnosys.a
END GROUP
START GROUP
LOAD c:/st/stm32cubeide_1.11.2/stm32cubeide/plugins/com.st.stm32cube.ide.mcu.externaltools.gnu-tools-for-stm32.10.3-2021.10.win32_1.0.100.202210260954/tools/bin/../lib/gcc/arm-none-eabi/10.3.1/thumb/v7e-m+fp/hard\libgcc.a
LOAD c:/st/stm32cubeide_1.11.2/stm32cubeide/plugins/com.st.stm32cube.ide.mcu.externaltools.gnu-tools-for-stm32.10.3-2021.10.win32_1.0.100.202210260954/tools/bin/../lib/gcc/arm-none-eabi/10.3.1/../../../../arm-none-eabi/lib/thumb/v7e-m+fp/hard\libc_nano.a
LOAD c:/st/stm32cubeide_1.11.2/stm32cubeide/plugins/com.st.stm32cube.ide.mcu.externaltools.gnu-tools-for-stm32.10.3-2021.10.win32_1.0.100.202210260954/tools/bin/../lib/gcc/arm-none-eabi/10.3.1/../../../../arm-none-eabi/lib/thumb/v7e-m+fp/hard\libnosys.a
END GROUP
LOAD c:/st/stm32cubeide_1.11.2/stm32cubeide/plugins/com.st.stm32cube.ide.mcu.externaltools.gnu-tools-for-stm32.10.3-2021.10.win32_1.0.100.202210260954/tools/bin/../lib/gcc/arm-none-eabi/10.3.1/thumb/v7e-m+fp/hard/crtend.o
LOAD c:/st/stm32cubeide_1.11.2/stm32cubeide/plugins/com.st.stm32cube.ide.mcu.externaltools.gnu-tools-for-stm32.10.3-2021.10.win32_1.0.100.202210260954/tools/bin/../lib/gcc/arm-none-eabi/10.3.1/thumb/v7e-m+fp/hard/crtn.o
                0x0000000020010000                _estack = (ORIGIN (RAM) + LENGTH (RAM))
                0x0000000000000200                _Min_Heap_Size = 0x200
                0x0000000000000400                _Min_Stack_Size = 0x400

.isr_vector     0x0000000008000000      0x18c
                0x0000000008000000                . = ALIGN (0x4)
 *(.isr_vector)
 .isr_vector    0x0000000008000000      0x18c ./Core/Startup/startup_stm32l443cctx.o
                0x0000000008000000                g_pfnVectors
                0x000000000800018c                . = ALIGN (0x4)

.text           0x000000000800018c     0x6738
                0x000000000800018c                . = ALIGN (0x4)
 *(.text)
 .text          0x000000000800018c       0x40 c:/st/stm32cubeide_1.11.2/stm32cubeide/plugins/com.st.stm32cube.ide.mcu.externaltools.gnu-tools-for-stm32.10.3-2021.10.win32_1.0.100.202210260954/tools/bin/../lib/gcc/arm-none-eabi/10.3.1/thumb/v7e-m+fp/hard/crtbegin.o
 .text          0x00000000080001cc       0x30 c:/st/stm32cubeide_1.11.2/stm32cubeide/plugins/com.st.stm32cube.ide.mcu.externaltools.gnu-tools-for-stm32.10.3-2021.10.win32_1.0.100.202210260954/tools/bin/../lib/gcc/arm-none-eabi/10.3.1/thumb/v7e-m+fp/hard\libgcc.a(_aeabi_uldivmod.o)
                0x00000000080001cc                __aeabi_uldivmod
 .text          0x00000000080001fc      0x2d0 c:/st/stm32cubeide_1.11.2/stm32cubeide/plugins/com.st.stm32cube.ide.mcu.externaltools.gnu-tools-for-stm32.10.3-2021.10.win32_1.0.100.202210260954/tools/bin/../lib/gcc/arm-none-eabi/10.3.1/thumb/v7e-m+fp/hard\libgcc.a(_udivmoddi4.o)
                0x00000000080001fc                __udivmoddi4
 .text          0x00000000080004cc        0x4 c:/st/stm32cubeide_1.11.2/stm32cubeide/plugins/com.st.stm32cube.ide.mcu.externaltools.gnu-tools-for-stm32.10.3-2021.10.win32_1.0.100.202210260954/tools/bin/../lib/gcc/arm-none-eabi/10.3.1/thumb/v7e-m+fp/hard\libgcc.a(_dvmd_tls.o)
                0x00000000080004cc                __aeabi_idiv0
                0x00000000080004cc                __aeabi_ldiv0
 *(.text*)
 .text.main     0x00000000080004d0      0x1e0 ./Core/Src/main.o
                0x00000000080004d0                main
 .text.SystemClock_Config
                0x00000000080006b0       0x8c ./Core/Src/main.o
                0x00000000080006b0                SystemClock_Config
 .text.MX_I2C1_Init
                0x000000000800073c       0x7c ./Core/Src/main.o
 .text.MX_LPUART1_UART_Init
                0x00000000080007b8       0x5c ./Core/Src/main.o
 .text.MX_SPI1_Init
                0x0000000008000814       0x7c ./Core/Src/main.o
 .text.MX_SPI2_Init
                0x0000000008000890       0x7c ./Core/Src/main.o
 .text.MX_SPI3_Init
                0x000000000800090c       0x7c ./Core/Src/main.o
 .text.MX_GPIO_Init
                0x0000000008000988      0x108 ./Core/Src/main.o
 .text.Error_Handler
                0x0000000008000a90        0xa ./Core/Src/main.o
                0x0000000008000a90                Error_Handler
 *fill*         0x0000000008000a9a        0x2 
 .text.SSD1306_Init
                0x0000000008000a9c      0x188 ./Core/Src/ssd1306.o
                0x0000000008000a9c                SSD1306_Init
 .text.SSD1306_UpdateScreen
                0x0000000008000c24       0x5c ./Core/Src/ssd1306.o
                0x0000000008000c24                SSD1306_UpdateScreen
 .text.SSD1306_Fill
                0x0000000008000c80       0x30 ./Core/Src/ssd1306.o
                0x0000000008000c80                SSD1306_Fill
 .text.SSD1306_DrawPixel
                0x0000000008000cb0       0xc0 ./Core/Src/ssd1306.o
                0x0000000008000cb0                SSD1306_DrawPixel
 .text.SSD1306_GotoXY
                0x0000000008000d70       0x2c ./Core/Src/ssd1306.o
                0x0000000008000d70                SSD1306_GotoXY
 .text.SSD1306_Putc
                0x0000000008000d9c      0x100 ./Core/Src/ssd1306.o
                0x0000000008000d9c                SSD1306_Putc
 .text.SSD1306_Puts
                0x0000000008000e9c       0x4a ./Core/Src/ssd1306.o
                0x0000000008000e9c                SSD1306_Puts
 *fill*         0x0000000008000ee6        0x2 
 .text.ssd1306_I2C_Init
                0x0000000008000ee8       0x2c ./Core/Src/ssd1306.o
                0x0000000008000ee8                ssd1306_I2C_Init
 .text.ssd1306_I2C_WriteMulti
                0x0000000008000f14       0xcc ./Core/Src/ssd1306.o
                0x0000000008000f14                ssd1306_I2C_WriteMulti
 .text.ssd1306_I2C_Write
                0x0000000008000fe0       0x3c ./Core/Src/ssd1306.o
                0x0000000008000fe0                ssd1306_I2C_Write
 .text.HAL_MspInit
                0x000000000800101c       0x48 ./Core/Src/stm32l4xx_hal_msp.o
                0x000000000800101c                HAL_MspInit
 .text.HAL_I2C_MspInit
                0x0000000008001064       0xb4 ./Core/Src/stm32l4xx_hal_msp.o
                0x0000000008001064                HAL_I2C_MspInit
 .text.HAL_UART_MspInit
                0x0000000008001118       0xb4 ./Core/Src/stm32l4xx_hal_msp.o
                0x0000000008001118                HAL_UART_MspInit
 .text.HAL_SPI_MspInit
                0x00000000080011cc      0x14c ./Core/Src/stm32l4xx_hal_msp.o
                0x00000000080011cc                HAL_SPI_MspInit
 .text.SDTimer_Handler
                0x0000000008001318       0x48 ./Core/Src/stm32l4xx_it.o
                0x0000000008001318                SDTimer_Handler
 .text.NMI_Handler
                0x0000000008001360        0x6 ./Core/Src/stm32l4xx_it.o
                0x0000000008001360                NMI_Handler
 .text.HardFault_Handler
                0x0000000008001366        0x6 ./Core/Src/stm32l4xx_it.o
                0x0000000008001366                HardFault_Handler
 .text.MemManage_Handler
                0x000000000800136c        0x6 ./Core/Src/stm32l4xx_it.o
                0x000000000800136c                MemManage_Handler
 .text.BusFault_Handler
                0x0000000008001372        0x6 ./Core/Src/stm32l4xx_it.o
                0x0000000008001372                BusFault_Handler
 .text.UsageFault_Handler
                0x0000000008001378        0x6 ./Core/Src/stm32l4xx_it.o
                0x0000000008001378                UsageFault_Handler
 .text.SVC_Handler
                0x000000000800137e        0xe ./Core/Src/stm32l4xx_it.o
                0x000000000800137e                SVC_Handler
 .text.DebugMon_Handler
                0x000000000800138c        0xe ./Core/Src/stm32l4xx_it.o
                0x000000000800138c                DebugMon_Handler
 .text.PendSV_Handler
                0x000000000800139a        0xe ./Core/Src/stm32l4xx_it.o
                0x000000000800139a                PendSV_Handler
 .text.SysTick_Handler
                0x00000000080013a8       0x34 ./Core/Src/stm32l4xx_it.o
                0x00000000080013a8                SysTick_Handler
 .text.SystemInit
                0x00000000080013dc       0x24 ./Core/Src/system_stm32l4xx.o
                0x00000000080013dc                SystemInit
 .text.Reset_Handler
                0x0000000008001400       0x50 ./Core/Startup/startup_stm32l443cctx.o
                0x0000000008001400                Reset_Handler
 .text.Default_Handler
                0x0000000008001450        0x2 ./Core/Startup/startup_stm32l443cctx.o
                0x0000000008001450                RTC_Alarm_IRQHandler
                0x0000000008001450                EXTI2_IRQHandler
                0x0000000008001450                TIM1_CC_IRQHandler
                0x0000000008001450                TSC_IRQHandler
                0x0000000008001450                TAMP_STAMP_IRQHandler
                0x0000000008001450                EXTI3_IRQHandler
                0x0000000008001450                LPTIM2_IRQHandler
                0x0000000008001450                I2C3_ER_IRQHandler
                0x0000000008001450                EXTI0_IRQHandler
                0x0000000008001450                I2C2_EV_IRQHandler
                0x0000000008001450                CAN1_RX0_IRQHandler
                0x0000000008001450                FPU_IRQHandler
                0x0000000008001450                TIM1_UP_TIM16_IRQHandler
                0x0000000008001450                SPI1_IRQHandler
                0x0000000008001450                TIM6_DAC_IRQHandler
                0x0000000008001450                DMA2_Channel2_IRQHandler
                0x0000000008001450                DMA1_Channel4_IRQHandler
                0x0000000008001450                ADC1_IRQHandler
                0x0000000008001450                USART3_IRQHandler
                0x0000000008001450                DMA1_Channel7_IRQHandler
                0x0000000008001450                CAN1_RX1_IRQHandler
                0x0000000008001450                LCD_IRQHandler
                0x0000000008001450                DMA2_Channel1_IRQHandler
                0x0000000008001450                QUADSPI_IRQHandler
                0x0000000008001450                I2C1_EV_IRQHandler
                0x0000000008001450                DMA1_Channel6_IRQHandler
                0x0000000008001450                DMA2_Channel4_IRQHandler
                0x0000000008001450                RCC_IRQHandler
                0x0000000008001450                TIM1_TRG_COM_IRQHandler
                0x0000000008001450                DMA1_Channel1_IRQHandler
                0x0000000008001450                Default_Handler
                0x0000000008001450                DMA2_Channel7_IRQHandler
                0x0000000008001450                EXTI15_10_IRQHandler
                0x0000000008001450                TIM7_IRQHandler
                0x0000000008001450                SDMMC1_IRQHandler
                0x0000000008001450                I2C3_EV_IRQHandler
                0x0000000008001450                USB_IRQHandler
                0x0000000008001450                EXTI9_5_IRQHandler
                0x0000000008001450                RTC_WKUP_IRQHandler
                0x0000000008001450                PVD_PVM_IRQHandler
                0x0000000008001450                SPI2_IRQHandler
                0x0000000008001450                CAN1_TX_IRQHandler
                0x0000000008001450                DMA2_Channel5_IRQHandler
                0x0000000008001450                CRS_IRQHandler
                0x0000000008001450                DMA1_Channel5_IRQHandler
                0x0000000008001450                EXTI4_IRQHandler
                0x0000000008001450                RNG_IRQHandler
                0x0000000008001450                DMA1_Channel3_IRQHandler
                0x0000000008001450                COMP_IRQHandler
                0x0000000008001450                WWDG_IRQHandler
                0x0000000008001450                LPUART1_IRQHandler
                0x0000000008001450                DMA2_Channel6_IRQHandler
                0x0000000008001450                TIM2_IRQHandler
                0x0000000008001450                EXTI1_IRQHandler
                0x0000000008001450                AES_IRQHandler
                0x0000000008001450                USART2_IRQHandler
                0x0000000008001450                I2C2_ER_IRQHandler
                0x0000000008001450                DMA1_Channel2_IRQHandler
                0x0000000008001450                CAN1_SCE_IRQHandler
                0x0000000008001450                FLASH_IRQHandler
                0x0000000008001450                USART1_IRQHandler
                0x0000000008001450                SPI3_IRQHandler
                0x0000000008001450                I2C1_ER_IRQHandler
                0x0000000008001450                SWPMI1_IRQHandler
                0x0000000008001450                LPTIM1_IRQHandler
                0x0000000008001450                SAI1_IRQHandler
                0x0000000008001450                DMA2_Channel3_IRQHandler
                0x0000000008001450                TIM1_BRK_TIM15_IRQHandler
 .text.HAL_Init
                0x0000000008001452       0x30 ./Drivers/STM32L4xx_HAL_Driver/Src/stm32l4xx_hal.o
                0x0000000008001452                HAL_Init
 *fill*         0x0000000008001482        0x2 
 .text.HAL_InitTick
                0x0000000008001484       0x78 ./Drivers/STM32L4xx_HAL_Driver/Src/stm32l4xx_hal.o
                0x0000000008001484                HAL_InitTick
 .text.HAL_IncTick
                0x00000000080014fc       0x28 ./Drivers/STM32L4xx_HAL_Driver/Src/stm32l4xx_hal.o
                0x00000000080014fc                HAL_IncTick
 .text.HAL_GetTick
                0x0000000008001524       0x18 ./Drivers/STM32L4xx_HAL_Driver/Src/stm32l4xx_hal.o
                0x0000000008001524                HAL_GetTick
 .text.HAL_Delay
                0x000000000800153c       0x48 ./Drivers/STM32L4xx_HAL_Driver/Src/stm32l4xx_hal.o
                0x000000000800153c                HAL_Delay
 .text.__NVIC_SetPriorityGrouping
                0x0000000008001584       0x48 ./Drivers/STM32L4xx_HAL_Driver/Src/stm32l4xx_hal_cortex.o
 .text.__NVIC_GetPriorityGrouping
                0x00000000080015cc       0x1c ./Drivers/STM32L4xx_HAL_Driver/Src/stm32l4xx_hal_cortex.o
 .text.__NVIC_SetPriority
                0x00000000080015e8       0x54 ./Drivers/STM32L4xx_HAL_Driver/Src/stm32l4xx_hal_cortex.o
 .text.NVIC_EncodePriority
                0x000000000800163c       0x66 ./Drivers/STM32L4xx_HAL_Driver/Src/stm32l4xx_hal_cortex.o
 *fill*         0x00000000080016a2        0x2 
 .text.SysTick_Config
                0x00000000080016a4       0x44 ./Drivers/STM32L4xx_HAL_Driver/Src/stm32l4xx_hal_cortex.o
 .text.HAL_NVIC_SetPriorityGrouping
                0x00000000080016e8       0x16 ./Drivers/STM32L4xx_HAL_Driver/Src/stm32l4xx_hal_cortex.o
                0x00000000080016e8                HAL_NVIC_SetPriorityGrouping
 .text.HAL_NVIC_SetPriority
                0x00000000080016fe       0x38 ./Drivers/STM32L4xx_HAL_Driver/Src/stm32l4xx_hal_cortex.o
                0x00000000080016fe                HAL_NVIC_SetPriority
 .text.HAL_SYSTICK_Config
                0x0000000008001736       0x18 ./Drivers/STM32L4xx_HAL_Driver/Src/stm32l4xx_hal_cortex.o
                0x0000000008001736                HAL_SYSTICK_Config
 *fill*         0x000000000800174e        0x2 
 .text.HAL_GPIO_Init
                0x0000000008001750      0x2f4 ./Drivers/STM32L4xx_HAL_Driver/Src/stm32l4xx_hal_gpio.o
                0x0000000008001750                HAL_GPIO_Init
 .text.HAL_GPIO_WritePin
                0x0000000008001a44       0x30 ./Drivers/STM32L4xx_HAL_Driver/Src/stm32l4xx_hal_gpio.o
                0x0000000008001a44                HAL_GPIO_WritePin
 .text.HAL_I2C_Init
                0x0000000008001a74      0x11e ./Drivers/STM32L4xx_HAL_Driver/Src/stm32l4xx_hal_i2c.o
                0x0000000008001a74                HAL_I2C_Init
 *fill*         0x0000000008001b92        0x2 
 .text.HAL_I2C_Master_Transmit
                0x0000000008001b94      0x1e8 ./Drivers/STM32L4xx_HAL_Driver/Src/stm32l4xx_hal_i2c.o
                0x0000000008001b94                HAL_I2C_Master_Transmit
 .text.HAL_I2C_IsDeviceReady
                0x0000000008001d7c      0x20e ./Drivers/STM32L4xx_HAL_Driver/Src/stm32l4xx_hal_i2c.o
                0x0000000008001d7c                HAL_I2C_IsDeviceReady
 .text.I2C_Flush_TXDR
                0x0000000008001f8a       0x48 ./Drivers/STM32L4xx_HAL_Driver/Src/stm32l4xx_hal_i2c.o
 .text.I2C_WaitOnFlagUntilTimeout
                0x0000000008001fd2       0x80 ./Drivers/STM32L4xx_HAL_Driver/Src/stm32l4xx_hal_i2c.o
 .text.I2C_WaitOnTXISFlagUntilTimeout
                0x0000000008002052       0x80 ./Drivers/STM32L4xx_HAL_Driver/Src/stm32l4xx_hal_i2c.o
 .text.I2C_WaitOnSTOPFlagUntilTimeout
                0x00000000080020d2       0x78 ./Drivers/STM32L4xx_HAL_Driver/Src/stm32l4xx_hal_i2c.o
 *fill*         0x000000000800214a        0x2 
 .text.I2C_IsErrorOccurred
                0x000000000800214c      0x1d8 ./Drivers/STM32L4xx_HAL_Driver/Src/stm32l4xx_hal_i2c.o
 .text.I2C_TransferConfig
                0x0000000008002324       0x64 ./Drivers/STM32L4xx_HAL_Driver/Src/stm32l4xx_hal_i2c.o
 .text.HAL_I2CEx_ConfigAnalogFilter
                0x0000000008002388       0x96 ./Drivers/STM32L4xx_HAL_Driver/Src/stm32l4xx_hal_i2c_ex.o
                0x0000000008002388                HAL_I2CEx_ConfigAnalogFilter
 .text.HAL_I2CEx_ConfigDigitalFilter
                0x000000000800241e       0x98 ./Drivers/STM32L4xx_HAL_Driver/Src/stm32l4xx_hal_i2c_ex.o
                0x000000000800241e                HAL_I2CEx_ConfigDigitalFilter
 *fill*         0x00000000080024b6        0x2 
 .text.HAL_PWREx_GetVoltageRange
                0x00000000080024b8       0x1c ./Drivers/STM32L4xx_HAL_Driver/Src/stm32l4xx_hal_pwr_ex.o
                0x00000000080024b8                HAL_PWREx_GetVoltageRange
 .text.HAL_PWREx_ControlVoltageScaling
                0x00000000080024d4       0xac ./Drivers/STM32L4xx_HAL_Driver/Src/stm32l4xx_hal_pwr_ex.o
                0x00000000080024d4                HAL_PWREx_ControlVoltageScaling
 .text.HAL_RCC_OscConfig
                0x0000000008002580      0x828 ./Drivers/STM32L4xx_HAL_Driver/Src/stm32l4xx_hal_rcc.o
                0x0000000008002580                HAL_RCC_OscConfig
 .text.HAL_RCC_ClockConfig
                0x0000000008002da8      0x200 ./Drivers/STM32L4xx_HAL_Driver/Src/stm32l4xx_hal_rcc.o
                0x0000000008002da8                HAL_RCC_ClockConfig
 .text.HAL_RCC_GetSysClockFreq
                0x0000000008002fa8      0x118 ./Drivers/STM32L4xx_HAL_Driver/Src/stm32l4xx_hal_rcc.o
                0x0000000008002fa8                HAL_RCC_GetSysClockFreq
 .text.HAL_RCC_GetHCLKFreq
                0x00000000080030c0       0x18 ./Drivers/STM32L4xx_HAL_Driver/Src/stm32l4xx_hal_rcc.o
                0x00000000080030c0                HAL_RCC_GetHCLKFreq
 .text.HAL_RCC_GetPCLK1Freq
                0x00000000080030d8       0x2c ./Drivers/STM32L4xx_HAL_Driver/Src/stm32l4xx_hal_rcc.o
                0x00000000080030d8                HAL_RCC_GetPCLK1Freq
 .text.HAL_RCC_GetPCLK2Freq
                0x0000000008003104       0x2c ./Drivers/STM32L4xx_HAL_Driver/Src/stm32l4xx_hal_rcc.o
                0x0000000008003104                HAL_RCC_GetPCLK2Freq
 .text.RCC_SetFlashLatencyFromMSIRange
                0x0000000008003130       0xc0 ./Drivers/STM32L4xx_HAL_Driver/Src/stm32l4xx_hal_rcc.o
 .text.HAL_RCCEx_PeriphCLKConfig
                0x00000000080031f0      0x494 ./Drivers/STM32L4xx_HAL_Driver/Src/stm32l4xx_hal_rcc_ex.o
                0x00000000080031f0                HAL_RCCEx_PeriphCLKConfig
 .text.RCCEx_PLLSAI1_Config
                0x0000000008003684      0x1e4 ./Drivers/STM32L4xx_HAL_Driver/Src/stm32l4xx_hal_rcc_ex.o
 .text.HAL_SPI_Init
                0x0000000008003868      0x146 ./Drivers/STM32L4xx_HAL_Driver/Src/stm32l4xx_hal_spi.o
                0x0000000008003868                HAL_SPI_Init
 .text.HAL_UART_Init
                0x00000000080039ae       0x9c ./Drivers/STM32L4xx_HAL_Driver/Src/stm32l4xx_hal_uart.o
                0x00000000080039ae                HAL_UART_Init
 *fill*         0x0000000008003a4a        0x2 
 .text.UART_SetConfig
                0x0000000008003a4c      0x4b4 ./Drivers/STM32L4xx_HAL_Driver/Src/stm32l4xx_hal_uart.o
                0x0000000008003a4c                UART_SetConfig
 .text.UART_AdvFeatureConfig
                0x0000000008003f00      0x144 ./Drivers/STM32L4xx_HAL_Driver/Src/stm32l4xx_hal_uart.o
                0x0000000008003f00                UART_AdvFeatureConfig
 .text.UART_CheckIdleState
                0x0000000008004044       0x92 ./Drivers/STM32L4xx_HAL_Driver/Src/stm32l4xx_hal_uart.o
                0x0000000008004044                UART_CheckIdleState
 .text.UART_WaitOnFlagUntilTimeout
                0x00000000080040d6      0x188 ./Drivers/STM32L4xx_HAL_Driver/Src/stm32l4xx_hal_uart.o
                0x00000000080040d6                UART_WaitOnFlagUntilTimeout
 *fill*         0x000000000800425e        0x2 
 .text.MX_FATFS_Init
                0x0000000008004260       0x24 ./FATFS/App/fatfs.o
                0x0000000008004260                MX_FATFS_Init
 .text.get_fattime
                0x0000000008004284       0x10 ./FATFS/App/fatfs.o
                0x0000000008004284                get_fattime
 .text.USER_initialize
                0x0000000008004294       0x28 ./FATFS/Target/user_diskio.o
                0x0000000008004294                USER_initialize
 .text.USER_status
                0x00000000080042bc       0x28 ./FATFS/Target/user_diskio.o
                0x00000000080042bc                USER_status
 .text.USER_read
                0x00000000080042e4       0x1e ./FATFS/Target/user_diskio.o
                0x00000000080042e4                USER_read
 .text.USER_write
                0x0000000008004302       0x1e ./FATFS/Target/user_diskio.o
                0x0000000008004302                USER_write
 .text.USER_ioctl
                0x0000000008004320       0x22 ./FATFS/Target/user_diskio.o
                0x0000000008004320                USER_ioctl
 *fill*         0x0000000008004342        0x2 
 .text.disk_status
                0x0000000008004344       0x34 ./Middlewares/Third_Party/FatFs/src/diskio.o
                0x0000000008004344                disk_status
 .text.disk_initialize
                0x0000000008004378       0x4c ./Middlewares/Third_Party/FatFs/src/diskio.o
                0x0000000008004378                disk_initialize
 .text.disk_read
                0x00000000080043c4       0x40 ./Middlewares/Third_Party/FatFs/src/diskio.o
                0x00000000080043c4                disk_read
 .text.disk_write
                0x0000000008004404       0x40 ./Middlewares/Third_Party/FatFs/src/diskio.o
                0x0000000008004404                disk_write
 .text.disk_ioctl
                0x0000000008004444       0x3c ./Middlewares/Third_Party/FatFs/src/diskio.o
                0x0000000008004444                disk_ioctl
 .text.ld_word  0x0000000008004480       0x30 ./Middlewares/Third_Party/FatFs/src/ff.o
 .text.ld_dword
                0x00000000080044b0       0x46 ./Middlewares/Third_Party/FatFs/src/ff.o
 .text.st_word  0x00000000080044f6       0x36 ./Middlewares/Third_Party/FatFs/src/ff.o
 .text.st_dword
                0x000000000800452c       0x58 ./Middlewares/Third_Party/FatFs/src/ff.o
 .text.mem_cpy  0x0000000008004584       0x42 ./Middlewares/Third_Party/FatFs/src/ff.o
 .text.mem_set  0x00000000080045c6       0x36 ./Middlewares/Third_Party/FatFs/src/ff.o
 .text.mem_cmp  0x00000000080045fc       0x4e ./Middlewares/Third_Party/FatFs/src/ff.o
 .text.chk_chr  0x000000000800464a       0x36 ./Middlewares/Third_Party/FatFs/src/ff.o
 .text.chk_lock
                0x0000000008004680       0xb8 ./Middlewares/Third_Party/FatFs/src/ff.o
 .text.enq_lock
                0x0000000008004738       0x44 ./Middlewares/Third_Party/FatFs/src/ff.o
 .text.inc_lock
                0x000000000800477c      0x11c ./Middlewares/Third_Party/FatFs/src/ff.o
 .text.dec_lock
                0x0000000008004898       0x78 ./Middlewares/Third_Party/FatFs/src/ff.o
 .text.clear_lock
                0x0000000008004910       0x48 ./Middlewares/Third_Party/FatFs/src/ff.o
 .text.sync_window
                0x0000000008004958       0x88 ./Middlewares/Third_Party/FatFs/src/ff.o
 .text.move_window
                0x00000000080049e0       0x5a ./Middlewares/Third_Party/FatFs/src/ff.o
 *fill*         0x0000000008004a3a        0x2 
 .text.sync_fs  0x0000000008004a3c       0xdc ./Middlewares/Third_Party/FatFs/src/ff.o
 .text.clust2sect
                0x0000000008004b18       0x3e ./Middlewares/Third_Party/FatFs/src/ff.o
 .text.get_fat  0x0000000008004b56      0x150 ./Middlewares/Third_Party/FatFs/src/ff.o
 .text.put_fat  0x0000000008004ca6      0x1d8 ./Middlewares/Third_Party/FatFs/src/ff.o
 .text.remove_chain
                0x0000000008004e7e       0xca ./Middlewares/Third_Party/FatFs/src/ff.o
 .text.create_chain
                0x0000000008004f48      0x130 ./Middlewares/Third_Party/FatFs/src/ff.o
 .text.clmt_clust
                0x0000000008005078       0x68 ./Middlewares/Third_Party/FatFs/src/ff.o
 .text.dir_sdi  0x00000000080050e0       0xf6 ./Middlewares/Third_Party/FatFs/src/ff.o
 .text.dir_next
                0x00000000080051d6      0x18a ./Middlewares/Third_Party/FatFs/src/ff.o
 .text.dir_alloc
                0x0000000008005360       0x8e ./Middlewares/Third_Party/FatFs/src/ff.o
 .text.ld_clust
                0x00000000080053ee       0x3e ./Middlewares/Third_Party/FatFs/src/ff.o
 .text.st_clust
                0x000000000800542c       0x40 ./Middlewares/Third_Party/FatFs/src/ff.o
 .text.dir_find
                0x000000000800546c       0xaa ./Middlewares/Third_Party/FatFs/src/ff.o
 .text.dir_register
                0x0000000008005516       0x64 ./Middlewares/Third_Party/FatFs/src/ff.o
 *fill*         0x000000000800557a        0x2 
 .text.create_name
                0x000000000800557c      0x128 ./Middlewares/Third_Party/FatFs/src/ff.o
 .text.follow_path
                0x00000000080056a4       0xe2 ./Middlewares/Third_Party/FatFs/src/ff.o
 .text.get_ldnumber
                0x0000000008005786       0x88 ./Middlewares/Third_Party/FatFs/src/ff.o
 *fill*         0x000000000800580e        0x2 
 .text.check_fs
                0x0000000008005810       0xac ./Middlewares/Third_Party/FatFs/src/ff.o
 .text.find_volume
                0x00000000080058bc      0x498 ./Middlewares/Third_Party/FatFs/src/ff.o
 .text.validate
                0x0000000008005d54       0x6a ./Middlewares/Third_Party/FatFs/src/ff.o
 *fill*         0x0000000008005dbe        0x2 
 .text.f_mount  0x0000000008005dc0       0x8c ./Middlewares/Third_Party/FatFs/src/ff.o
                0x0000000008005dc0                f_mount
 .text.f_open   0x0000000008005e4c      0x37c ./Middlewares/Third_Party/FatFs/src/ff.o
                0x0000000008005e4c                f_open
 .text.f_read   0x00000000080061c8      0x27e ./Middlewares/Third_Party/FatFs/src/ff.o
                0x00000000080061c8                f_read
 .text.f_sync   0x0000000008006446       0xfc ./Middlewares/Third_Party/FatFs/src/ff.o
                0x0000000008006446                f_sync
 .text.f_close  0x0000000008006542       0x54 ./Middlewares/Third_Party/FatFs/src/ff.o
                0x0000000008006542                f_close
 .text.f_getfree
                0x0000000008006596      0x16a ./Middlewares/Third_Party/FatFs/src/ff.o
                0x0000000008006596                f_getfree
 .text.f_gets   0x0000000008006700       0x7a ./Middlewares/Third_Party/FatFs/src/ff.o
                0x0000000008006700                f_gets
 *fill*         0x000000000800677a        0x2 
 .text.FATFS_LinkDriverEx
                0x000000000800677c       0x98 ./Middlewares/Third_Party/FatFs/src/ff_gen_drv.o
                0x000000000800677c                FATFS_LinkDriverEx
 .text.FATFS_LinkDriver
                0x0000000008006814       0x1e ./Middlewares/Third_Party/FatFs/src/ff_gen_drv.o
                0x0000000008006814                FATFS_LinkDriver
 *fill*         0x0000000008006832        0x2 
 .text.__libc_init_array
                0x0000000008006834       0x48 c:/st/stm32cubeide_1.11.2/stm32cubeide/plugins/com.st.stm32cube.ide.mcu.externaltools.gnu-tools-for-stm32.10.3-2021.10.win32_1.0.100.202210260954/tools/bin/../lib/gcc/arm-none-eabi/10.3.1/../../../../arm-none-eabi/lib/thumb/v7e-m+fp/hard\libc_nano.a(lib_a-init.o)
                0x0000000008006834                __libc_init_array
 .text.memset   0x000000000800687c       0x10 c:/st/stm32cubeide_1.11.2/stm32cubeide/plugins/com.st.stm32cube.ide.mcu.externaltools.gnu-tools-for-stm32.10.3-2021.10.win32_1.0.100.202210260954/tools/bin/../lib/gcc/arm-none-eabi/10.3.1/../../../../arm-none-eabi/lib/thumb/v7e-m+fp/hard\libc_nano.a(lib_a-memset.o)
                0x000000000800687c                memset
 .text.strcat   0x000000000800688c       0x1e c:/st/stm32cubeide_1.11.2/stm32cubeide/plugins/com.st.stm32cube.ide.mcu.externaltools.gnu-tools-for-stm32.10.3-2021.10.win32_1.0.100.202210260954/tools/bin/../lib/gcc/arm-none-eabi/10.3.1/../../../../arm-none-eabi/lib/thumb/v7e-m+fp/hard\libc_nano.a(lib_a-strcat.o)
                0x000000000800688c                strcat
 *(.glue_7)
 .glue_7        0x00000000080068aa        0x0 linker stubs
 *(.glue_7t)
 .glue_7t       0x00000000080068aa        0x0 linker stubs
 *(.eh_frame)
 *fill*         0x00000000080068aa        0x2 
 .eh_frame      0x00000000080068ac        0x0 c:/st/stm32cubeide_1.11.2/stm32cubeide/plugins/com.st.stm32cube.ide.mcu.externaltools.gnu-tools-for-stm32.10.3-2021.10.win32_1.0.100.202210260954/tools/bin/../lib/gcc/arm-none-eabi/10.3.1/thumb/v7e-m+fp/hard/crtbegin.o
 *(.init)
 .init          0x00000000080068ac        0x4 c:/st/stm32cubeide_1.11.2/stm32cubeide/plugins/com.st.stm32cube.ide.mcu.externaltools.gnu-tools-for-stm32.10.3-2021.10.win32_1.0.100.202210260954/tools/bin/../lib/gcc/arm-none-eabi/10.3.1/thumb/v7e-m+fp/hard/crti.o
                0x00000000080068ac                _init
 .init          0x00000000080068b0        0x8 c:/st/stm32cubeide_1.11.2/stm32cubeide/plugins/com.st.stm32cube.ide.mcu.externaltools.gnu-tools-for-stm32.10.3-2021.10.win32_1.0.100.202210260954/tools/bin/../lib/gcc/arm-none-eabi/10.3.1/thumb/v7e-m+fp/hard/crtn.o
 *(.fini)
 .fini          0x00000000080068b8        0x4 c:/st/stm32cubeide_1.11.2/stm32cubeide/plugins/com.st.stm32cube.ide.mcu.externaltools.gnu-tools-for-stm32.10.3-2021.10.win32_1.0.100.202210260954/tools/bin/../lib/gcc/arm-none-eabi/10.3.1/thumb/v7e-m+fp/hard/crti.o
                0x00000000080068b8                _fini
 .fini          0x00000000080068bc        0x8 c:/st/stm32cubeide_1.11.2/stm32cubeide/plugins/com.st.stm32cube.ide.mcu.externaltools.gnu-tools-for-stm32.10.3-2021.10.win32_1.0.100.202210260954/tools/bin/../lib/gcc/arm-none-eabi/10.3.1/thumb/v7e-m+fp/hard/crtn.o
                0x00000000080068c4                . = ALIGN (0x4)
                0x00000000080068c4                _etext = .

.vfp11_veneer   0x00000000080068c4        0x0
 .vfp11_veneer  0x00000000080068c4        0x0 linker stubs

.v4_bx          0x00000000080068c4        0x0
 .v4_bx         0x00000000080068c4        0x0 linker stubs

.iplt           0x00000000080068c4        0x0
 .iplt          0x00000000080068c4        0x0 c:/st/stm32cubeide_1.11.2/stm32cubeide/plugins/com.st.stm32cube.ide.mcu.externaltools.gnu-tools-for-stm32.10.3-2021.10.win32_1.0.100.202210260954/tools/bin/../lib/gcc/arm-none-eabi/10.3.1/thumb/v7e-m+fp/hard/crtbegin.o

.rodata         0x00000000080068c4      0xec4
                0x00000000080068c4                . = ALIGN (0x4)
 *(.rodata)
 .rodata        0x00000000080068c4       0x5a ./Core/Src/main.o
 *fill*         0x000000000800691e        0x2 
 .rodata        0x0000000008006920       0x44 ./Middlewares/Third_Party/FatFs/src/ff.o
 *(.rodata*)
 .rodata.Font11x18
                0x0000000008006964      0xd5c ./Core/Src/fonts.o
                0x0000000008006964                Font11x18
 .rodata.AHBPrescTable
                0x00000000080076c0       0x10 ./Core/Src/system_stm32l4xx.o
                0x00000000080076c0                AHBPrescTable
 .rodata.APBPrescTable
                0x00000000080076d0        0x8 ./Core/Src/system_stm32l4xx.o
                0x00000000080076d0                APBPrescTable
 .rodata.MSIRangeTable
                0x00000000080076d8       0x30 ./Core/Src/system_stm32l4xx.o
                0x00000000080076d8                MSIRangeTable
 .rodata.ExCvt  0x0000000008007708       0x80 ./Middlewares/Third_Party/FatFs/src/ff.o
                0x0000000008007788                . = ALIGN (0x4)

.ARM.extab      0x0000000008007788        0x0
                0x0000000008007788                . = ALIGN (0x4)
 *(.ARM.extab* .gnu.linkonce.armextab.*)
                0x0000000008007788                . = ALIGN (0x4)

.ARM            0x0000000008007788        0x8
                0x0000000008007788                . = ALIGN (0x4)
                0x0000000008007788                __exidx_start = .
 *(.ARM.exidx*)
 .ARM.exidx     0x0000000008007788        0x8 c:/st/stm32cubeide_1.11.2/stm32cubeide/plugins/com.st.stm32cube.ide.mcu.externaltools.gnu-tools-for-stm32.10.3-2021.10.win32_1.0.100.202210260954/tools/bin/../lib/gcc/arm-none-eabi/10.3.1/thumb/v7e-m+fp/hard\libgcc.a(_udivmoddi4.o)
                0x0000000008007790                __exidx_end = .
                0x0000000008007790                . = ALIGN (0x4)

.rel.dyn        0x0000000008007790        0x0
 .rel.iplt      0x0000000008007790        0x0 c:/st/stm32cubeide_1.11.2/stm32cubeide/plugins/com.st.stm32cube.ide.mcu.externaltools.gnu-tools-for-stm32.10.3-2021.10.win32_1.0.100.202210260954/tools/bin/../lib/gcc/arm-none-eabi/10.3.1/thumb/v7e-m+fp/hard/crtbegin.o

.preinit_array  0x0000000008007790        0x0
                0x0000000008007790                . = ALIGN (0x4)
                0x0000000008007790                PROVIDE (__preinit_array_start = .)
 *(.preinit_array*)
                0x0000000008007790                PROVIDE (__preinit_array_end = .)
                0x0000000008007790                . = ALIGN (0x4)

.init_array     0x0000000008007790        0x4
                0x0000000008007790                . = ALIGN (0x4)
                0x0000000008007790                PROVIDE (__init_array_start = .)
 *(SORT_BY_NAME(.init_array.*))
 *(.init_array*)
 .init_array    0x0000000008007790        0x4 c:/st/stm32cubeide_1.11.2/stm32cubeide/plugins/com.st.stm32cube.ide.mcu.externaltools.gnu-tools-for-stm32.10.3-2021.10.win32_1.0.100.202210260954/tools/bin/../lib/gcc/arm-none-eabi/10.3.1/thumb/v7e-m+fp/hard/crtbegin.o
                0x0000000008007794                PROVIDE (__init_array_end = .)
                0x0000000008007794                . = ALIGN (0x4)

.fini_array     0x0000000008007794        0x4
                0x0000000008007794                . = ALIGN (0x4)
                [!provide]                        PROVIDE (__fini_array_start = .)
 *(SORT_BY_NAME(.fini_array.*))
 *(.fini_array*)
 .fini_array    0x0000000008007794        0x4 c:/st/stm32cubeide_1.11.2/stm32cubeide/plugins/com.st.stm32cube.ide.mcu.externaltools.gnu-tools-for-stm32.10.3-2021.10.win32_1.0.100.202210260954/tools/bin/../lib/gcc/arm-none-eabi/10.3.1/thumb/v7e-m+fp/hard/crtbegin.o
                [!provide]                        PROVIDE (__fini_array_end = .)
                0x0000000008007798                . = ALIGN (0x4)
                0x0000000008007798                _sidata = LOADADDR (.data)

.data           0x0000000020000000       0x28 load address 0x0000000008007798
                0x0000000020000000                . = ALIGN (0x4)
                0x0000000020000000                _sdata = .
 *(.data)
 *(.data*)
 .data.Font_11x18
                0x0000000020000000        0x8 ./Core/Src/fonts.o
                0x0000000020000000                Font_11x18
 .data.SystemCoreClock
                0x0000000020000008        0x4 ./Core/Src/system_stm32l4xx.o
                0x0000000020000008                SystemCoreClock
 .data.uwTickPrio
                0x000000002000000c        0x4 ./Drivers/STM32L4xx_HAL_Driver/Src/stm32l4xx_hal.o
                0x000000002000000c                uwTickPrio
 .data.uwTickFreq
                0x0000000020000010        0x1 ./Drivers/STM32L4xx_HAL_Driver/Src/stm32l4xx_hal.o
                0x0000000020000010                uwTickFreq
 .data.Stat     0x0000000020000011        0x1 ./FATFS/Target/user_diskio.o
 *fill*         0x0000000020000012        0x2 
 .data.USER_Driver
                0x0000000020000014       0x14 ./FATFS/Target/user_diskio.o
                0x0000000020000014                USER_Driver
 *(.RamFunc)
 *(.RamFunc*)
                0x0000000020000028                . = ALIGN (0x4)
                0x0000000020000028                _edata = .

.igot.plt       0x0000000020000028        0x0 load address 0x00000000080077c0
 .igot.plt      0x0000000020000028        0x0 c:/st/stm32cubeide_1.11.2/stm32cubeide/plugins/com.st.stm32cube.ide.mcu.externaltools.gnu-tools-for-stm32.10.3-2021.10.win32_1.0.100.202210260954/tools/bin/../lib/gcc/arm-none-eabi/10.3.1/thumb/v7e-m+fp/hard/crtbegin.o
                0x0000000020000028                . = ALIGN (0x4)

.bss            0x0000000020000028      0x46c load address 0x00000000080077c0
                0x0000000020000028                _sbss = .
                0x0000000020000028                __bss_start__ = _sbss
 *(.bss)
 .bss           0x0000000020000028       0x1c c:/st/stm32cubeide_1.11.2/stm32cubeide/plugins/com.st.stm32cube.ide.mcu.externaltools.gnu-tools-for-stm32.10.3-2021.10.win32_1.0.100.202210260954/tools/bin/../lib/gcc/arm-none-eabi/10.3.1/thumb/v7e-m+fp/hard/crtbegin.o
 *(.bss*)
 .bss.hi2c1     0x0000000020000044       0x54 ./Core/Src/main.o
                0x0000000020000044                hi2c1
 .bss.hlpuart1  0x0000000020000098       0x84 ./Core/Src/main.o
                0x0000000020000098                hlpuart1
 .bss.hspi1     0x000000002000011c       0x64 ./Core/Src/main.o
                0x000000002000011c                hspi1
 .bss.hspi2     0x0000000020000180       0x64 ./Core/Src/main.o
                0x0000000020000180                hspi2
 .bss.hspi3     0x00000000200001e4       0x64 ./Core/Src/main.o
                0x00000000200001e4                hspi3
 .bss.SSD1306_Buffer
                0x0000000020000248      0x200 ./Core/Src/ssd1306.o
 .bss.SSD1306   0x0000000020000448        0x6 ./Core/Src/ssd1306.o
 .bss.FatFsCnt  0x000000002000044e        0x1 ./Core/Src/stm32l4xx_it.o
                0x000000002000044e                FatFsCnt
 *fill*         0x000000002000044f        0x1 
 .bss.Timer1    0x0000000020000450        0x2 ./Core/Src/stm32l4xx_it.o
                0x0000000020000450                Timer1
 .bss.Timer2    0x0000000020000452        0x2 ./Core/Src/stm32l4xx_it.o
                0x0000000020000452                Timer2
 .bss.uwTick    0x0000000020000454        0x4 ./Drivers/STM32L4xx_HAL_Driver/Src/stm32l4xx_hal.o
                0x0000000020000454                uwTick
 .bss.retUSER   0x0000000020000458        0x1 ./FATFS/App/fatfs.o
                0x0000000020000458                retUSER
 *fill*         0x0000000020000459        0x3 
 .bss.USERPath  0x000000002000045c        0x4 ./FATFS/App/fatfs.o
                0x000000002000045c                USERPath
 .bss.FatFs     0x0000000020000460        0x4 ./Middlewares/Third_Party/FatFs/src/ff.o
 .bss.Fsid      0x0000000020000464        0x2 ./Middlewares/Third_Party/FatFs/src/ff.o
 *fill*         0x0000000020000466        0x2 
 .bss.Files     0x0000000020000468       0x20 ./Middlewares/Third_Party/FatFs/src/ff.o
 .bss.disk      0x0000000020000488        0xc ./Middlewares/Third_Party/FatFs/src/ff_gen_drv.o
                0x0000000020000488                disk
 *(COMMON)
                0x0000000020000494                . = ALIGN (0x4)
                0x0000000020000494                _ebss = .
                0x0000000020000494                __bss_end__ = _ebss

._user_heap_stack
                0x0000000020000494      0x604 load address 0x00000000080077c0
                0x0000000020000498                . = ALIGN (0x8)
 *fill*         0x0000000020000494        0x4 
                [!provide]                        PROVIDE (end = .)
                0x0000000020000498                PROVIDE (_end = .)
                0x0000000020000698                . = (. + _Min_Heap_Size)
 *fill*         0x0000000020000498      0x200 
                0x0000000020000a98                . = (. + _Min_Stack_Size)
 *fill*         0x0000000020000698      0x400 
                0x0000000020000a98                . = ALIGN (0x8)

/DISCARD/
 libc.a(*)
 libm.a(*)
 libgcc.a(*)

.ARM.attributes
                0x0000000000000000       0x30
 *(.ARM.attributes)
 .ARM.attributes
                0x0000000000000000       0x1e c:/st/stm32cubeide_1.11.2/stm32cubeide/plugins/com.st.stm32cube.ide.mcu.externaltools.gnu-tools-for-stm32.10.3-2021.10.win32_1.0.100.202210260954/tools/bin/../lib/gcc/arm-none-eabi/10.3.1/thumb/v7e-m+fp/hard/crti.o
 .ARM.attributes
                0x000000000000001e       0x34 c:/st/stm32cubeide_1.11.2/stm32cubeide/plugins/com.st.stm32cube.ide.mcu.externaltools.gnu-tools-for-stm32.10.3-2021.10.win32_1.0.100.202210260954/tools/bin/../lib/gcc/arm-none-eabi/10.3.1/thumb/v7e-m+fp/hard/crtbegin.o
 .ARM.attributes
                0x0000000000000052       0x34 ./Core/Src/fonts.o
 .ARM.attributes
                0x0000000000000086       0x34 ./Core/Src/main.o
 .ARM.attributes
                0x00000000000000ba       0x34 ./Core/Src/ssd1306.o
 .ARM.attributes
                0x00000000000000ee       0x34 ./Core/Src/stm32l4xx_hal_msp.o
 .ARM.attributes
                0x0000000000000122       0x34 ./Core/Src/stm32l4xx_it.o
 .ARM.attributes
                0x0000000000000156       0x34 ./Core/Src/system_stm32l4xx.o
 .ARM.attributes
                0x000000000000018a       0x21 ./Core/Startup/startup_stm32l443cctx.o
 .ARM.attributes
                0x00000000000001ab       0x34 ./Drivers/STM32L4xx_HAL_Driver/Src/stm32l4xx_hal.o
 .ARM.attributes
                0x00000000000001df       0x34 ./Drivers/STM32L4xx_HAL_Driver/Src/stm32l4xx_hal_cortex.o
 .ARM.attributes
                0x0000000000000213       0x34 ./Drivers/STM32L4xx_HAL_Driver/Src/stm32l4xx_hal_gpio.o
 .ARM.attributes
                0x0000000000000247       0x34 ./Drivers/STM32L4xx_HAL_Driver/Src/stm32l4xx_hal_i2c.o
 .ARM.attributes
                0x000000000000027b       0x34 ./Drivers/STM32L4xx_HAL_Driver/Src/stm32l4xx_hal_i2c_ex.o
 .ARM.attributes
                0x00000000000002af       0x34 ./Drivers/STM32L4xx_HAL_Driver/Src/stm32l4xx_hal_pwr_ex.o
 .ARM.attributes
                0x00000000000002e3       0x34 ./Drivers/STM32L4xx_HAL_Driver/Src/stm32l4xx_hal_rcc.o
 .ARM.attributes
                0x0000000000000317       0x34 ./Drivers/STM32L4xx_HAL_Driver/Src/stm32l4xx_hal_rcc_ex.o
 .ARM.attributes
                0x000000000000034b       0x34 ./Drivers/STM32L4xx_HAL_Driver/Src/stm32l4xx_hal_spi.o
 .ARM.attributes
                0x000000000000037f       0x34 ./Drivers/STM32L4xx_HAL_Driver/Src/stm32l4xx_hal_uart.o
 .ARM.attributes
                0x00000000000003b3       0x34 ./FATFS/App/fatfs.o
 .ARM.attributes
                0x00000000000003e7       0x34 ./FATFS/Target/user_diskio.o
 .ARM.attributes
                0x000000000000041b       0x34 ./Middlewares/Third_Party/FatFs/src/diskio.o
 .ARM.attributes
                0x000000000000044f       0x34 ./Middlewares/Third_Party/FatFs/src/ff.o
 .ARM.attributes
                0x0000000000000483       0x34 ./Middlewares/Third_Party/FatFs/src/ff_gen_drv.o
 .ARM.attributes
                0x00000000000004b7       0x34 c:/st/stm32cubeide_1.11.2/stm32cubeide/plugins/com.st.stm32cube.ide.mcu.externaltools.gnu-tools-for-stm32.10.3-2021.10.win32_1.0.100.202210260954/tools/bin/../lib/gcc/arm-none-eabi/10.3.1/../../../../arm-none-eabi/lib/thumb/v7e-m+fp/hard\libc_nano.a(lib_a-init.o)
 .ARM.attributes
                0x00000000000004eb       0x34 c:/st/stm32cubeide_1.11.2/stm32cubeide/plugins/com.st.stm32cube.ide.mcu.externaltools.gnu-tools-for-stm32.10.3-2021.10.win32_1.0.100.202210260954/tools/bin/../lib/gcc/arm-none-eabi/10.3.1/../../../../arm-none-eabi/lib/thumb/v7e-m+fp/hard\libc_nano.a(lib_a-memset.o)
 .ARM.attributes
                0x000000000000051f       0x34 c:/st/stm32cubeide_1.11.2/stm32cubeide/plugins/com.st.stm32cube.ide.mcu.externaltools.gnu-tools-for-stm32.10.3-2021.10.win32_1.0.100.202210260954/tools/bin/../lib/gcc/arm-none-eabi/10.3.1/../../../../arm-none-eabi/lib/thumb/v7e-m+fp/hard\libc_nano.a(lib_a-strcat.o)
 .ARM.attributes
                0x0000000000000553       0x1e c:/st/stm32cubeide_1.11.2/stm32cubeide/plugins/com.st.stm32cube.ide.mcu.externaltools.gnu-tools-for-stm32.10.3-2021.10.win32_1.0.100.202210260954/tools/bin/../lib/gcc/arm-none-eabi/10.3.1/thumb/v7e-m+fp/hard\libgcc.a(_aeabi_uldivmod.o)
 .ARM.attributes
                0x0000000000000571       0x34 c:/st/stm32cubeide_1.11.2/stm32cubeide/plugins/com.st.stm32cube.ide.mcu.externaltools.gnu-tools-for-stm32.10.3-2021.10.win32_1.0.100.202210260954/tools/bin/../lib/gcc/arm-none-eabi/10.3.1/thumb/v7e-m+fp/hard\libgcc.a(_udivmoddi4.o)
 .ARM.attributes
                0x00000000000005a5       0x1e c:/st/stm32cubeide_1.11.2/stm32cubeide/plugins/com.st.stm32cube.ide.mcu.externaltools.gnu-tools-for-stm32.10.3-2021.10.win32_1.0.100.202210260954/tools/bin/../lib/gcc/arm-none-eabi/10.3.1/thumb/v7e-m+fp/hard\libgcc.a(_dvmd_tls.o)
 .ARM.attributes
                0x00000000000005c3       0x1e c:/st/stm32cubeide_1.11.2/stm32cubeide/plugins/com.st.stm32cube.ide.mcu.externaltools.gnu-tools-for-stm32.10.3-2021.10.win32_1.0.100.202210260954/tools/bin/../lib/gcc/arm-none-eabi/10.3.1/thumb/v7e-m+fp/hard/crtn.o
OUTPUT(Glassware-v2.elf elf32-littlearm)
LOAD linker stubs
LOAD c:/st/stm32cubeide_1.11.2/stm32cubeide/plugins/com.st.stm32cube.ide.mcu.externaltools.gnu-tools-for-stm32.10.3-2021.10.win32_1.0.100.202210260954/tools/bin/../lib/gcc/arm-none-eabi/10.3.1/../../../../arm-none-eabi/lib/thumb/v7e-m+fp/hard\libc.a
LOAD c:/st/stm32cubeide_1.11.2/stm32cubeide/plugins/com.st.stm32cube.ide.mcu.externaltools.gnu-tools-for-stm32.10.3-2021.10.win32_1.0.100.202210260954/tools/bin/../lib/gcc/arm-none-eabi/10.3.1/../../../../arm-none-eabi/lib/thumb/v7e-m+fp/hard\libm.a
LOAD c:/st/stm32cubeide_1.11.2/stm32cubeide/plugins/com.st.stm32cube.ide.mcu.externaltools.gnu-tools-for-stm32.10.3-2021.10.win32_1.0.100.202210260954/tools/bin/../lib/gcc/arm-none-eabi/10.3.1/thumb/v7e-m+fp/hard\libgcc.a

.debug_info     0x0000000000000000    0x1447f
 .debug_info    0x0000000000000000      0x27a ./Core/Src/fonts.o
 .debug_info    0x000000000000027a     0x1999 ./Core/Src/main.o
 .debug_info    0x0000000000001c13     0x116a ./Core/Src/ssd1306.o
 .debug_info    0x0000000000002d7d     0x13e7 ./Core/Src/stm32l4xx_hal_msp.o
 .debug_info    0x0000000000004164      0x1a4 ./Core/Src/stm32l4xx_it.o
 .debug_info    0x0000000000004308      0x5d4 ./Core/Src/system_stm32l4xx.o
 .debug_info    0x00000000000048dc       0x22 ./Core/Startup/startup_stm32l443cctx.o
 .debug_info    0x00000000000048fe      0xaef ./Drivers/STM32L4xx_HAL_Driver/Src/stm32l4xx_hal.o
 .debug_info    0x00000000000053ed      0xdcd ./Drivers/STM32L4xx_HAL_Driver/Src/stm32l4xx_hal_cortex.o
 .debug_info    0x00000000000061ba      0x821 ./Drivers/STM32L4xx_HAL_Driver/Src/stm32l4xx_hal_gpio.o
 .debug_info    0x00000000000069db     0x2232 ./Drivers/STM32L4xx_HAL_Driver/Src/stm32l4xx_hal_i2c.o
 .debug_info    0x0000000000008c0d      0xa53 ./Drivers/STM32L4xx_HAL_Driver/Src/stm32l4xx_hal_i2c_ex.o
 .debug_info    0x0000000000009660      0x96b ./Drivers/STM32L4xx_HAL_Driver/Src/stm32l4xx_hal_pwr_ex.o
 .debug_info    0x0000000000009fcb      0xc97 ./Drivers/STM32L4xx_HAL_Driver/Src/stm32l4xx_hal_rcc.o
 .debug_info    0x000000000000ac62      0xf82 ./Drivers/STM32L4xx_HAL_Driver/Src/stm32l4xx_hal_rcc_ex.o
 .debug_info    0x000000000000bbe4     0x1782 ./Drivers/STM32L4xx_HAL_Driver/Src/stm32l4xx_hal_spi.o
 .debug_info    0x000000000000d366     0x3d1c ./Drivers/STM32L4xx_HAL_Driver/Src/stm32l4xx_hal_uart.o
 .debug_info    0x0000000000011082      0x4fa ./FATFS/App/fatfs.o
 .debug_info    0x000000000001157c      0x34b ./FATFS/Target/user_diskio.o
 .debug_info    0x00000000000118c7      0x412 ./Middlewares/Third_Party/FatFs/src/diskio.o
 .debug_info    0x0000000000011cd9     0x23fd ./Middlewares/Third_Party/FatFs/src/ff.o
 .debug_info    0x00000000000140d6      0x3a9 ./Middlewares/Third_Party/FatFs/src/ff_gen_drv.o

.debug_abbrev   0x0000000000000000     0x2a76
 .debug_abbrev  0x0000000000000000      0x111 ./Core/Src/fonts.o
 .debug_abbrev  0x0000000000000111      0x32e ./Core/Src/main.o
 .debug_abbrev  0x000000000000043f      0x303 ./Core/Src/ssd1306.o
 .debug_abbrev  0x0000000000000742      0x20e ./Core/Src/stm32l4xx_hal_msp.o
 .debug_abbrev  0x0000000000000950       0x9d ./Core/Src/stm32l4xx_it.o
 .debug_abbrev  0x00000000000009ed      0x116 ./Core/Src/system_stm32l4xx.o
 .debug_abbrev  0x0000000000000b03       0x12 ./Core/Startup/startup_stm32l443cctx.o
 .debug_abbrev  0x0000000000000b15      0x23a ./Drivers/STM32L4xx_HAL_Driver/Src/stm32l4xx_hal.o
 .debug_abbrev  0x0000000000000d4f      0x316 ./Drivers/STM32L4xx_HAL_Driver/Src/stm32l4xx_hal_cortex.o
 .debug_abbrev  0x0000000000001065      0x1bb ./Drivers/STM32L4xx_HAL_Driver/Src/stm32l4xx_hal_gpio.o
 .debug_abbrev  0x0000000000001220      0x243 ./Drivers/STM32L4xx_HAL_Driver/Src/stm32l4xx_hal_i2c.o
 .debug_abbrev  0x0000000000001463      0x1b0 ./Drivers/STM32L4xx_HAL_Driver/Src/stm32l4xx_hal_i2c_ex.o
 .debug_abbrev  0x0000000000001613      0x1f3 ./Drivers/STM32L4xx_HAL_Driver/Src/stm32l4xx_hal_pwr_ex.o
 .debug_abbrev  0x0000000000001806      0x2bd ./Drivers/STM32L4xx_HAL_Driver/Src/stm32l4xx_hal_rcc.o
 .debug_abbrev  0x0000000000001ac3      0x299 ./Drivers/STM32L4xx_HAL_Driver/Src/stm32l4xx_hal_rcc_ex.o
 .debug_abbrev  0x0000000000001d5c      0x254 ./Drivers/STM32L4xx_HAL_Driver/Src/stm32l4xx_hal_spi.o
 .debug_abbrev  0x0000000000001fb0      0x2bc ./Drivers/STM32L4xx_HAL_Driver/Src/stm32l4xx_hal_uart.o
 .debug_abbrev  0x000000000000226c      0x15a ./FATFS/App/fatfs.o
 .debug_abbrev  0x00000000000023c6      0x139 ./FATFS/Target/user_diskio.o
 .debug_abbrev  0x00000000000024ff      0x178 ./Middlewares/Third_Party/FatFs/src/diskio.o
 .debug_abbrev  0x0000000000002677      0x269 ./Middlewares/Third_Party/FatFs/src/ff.o
 .debug_abbrev  0x00000000000028e0      0x196 ./Middlewares/Third_Party/FatFs/src/ff_gen_drv.o

.debug_aranges  0x0000000000000000     0x11a8
 .debug_aranges
                0x0000000000000000       0x20 ./Core/Src/fonts.o
 .debug_aranges
                0x0000000000000020       0x60 ./Core/Src/main.o
 .debug_aranges
                0x0000000000000080       0xf8 ./Core/Src/ssd1306.o
 .debug_aranges
                0x0000000000000178       0x50 ./Core/Src/stm32l4xx_hal_msp.o
 .debug_aranges
                0x00000000000001c8       0x68 ./Core/Src/stm32l4xx_it.o
 .debug_aranges
                0x0000000000000230       0x28 ./Core/Src/system_stm32l4xx.o
 .debug_aranges
                0x0000000000000258       0x28 ./Core/Startup/startup_stm32l443cctx.o
 .debug_aranges
                0x0000000000000280      0x130 ./Drivers/STM32L4xx_HAL_Driver/Src/stm32l4xx_hal.o
 .debug_aranges
                0x00000000000003b0      0x118 ./Drivers/STM32L4xx_HAL_Driver/Src/stm32l4xx_hal_cortex.o
 .debug_aranges
                0x00000000000004c8       0x58 ./Drivers/STM32L4xx_HAL_Driver/Src/stm32l4xx_hal_gpio.o
 .debug_aranges
                0x0000000000000520      0x2a0 ./Drivers/STM32L4xx_HAL_Driver/Src/stm32l4xx_hal_i2c.o
 .debug_aranges
                0x00000000000007c0       0x48 ./Drivers/STM32L4xx_HAL_Driver/Src/stm32l4xx_hal_i2c_ex.o
 .debug_aranges
                0x0000000000000808      0x128 ./Drivers/STM32L4xx_HAL_Driver/Src/stm32l4xx_hal_pwr_ex.o
 .debug_aranges
                0x0000000000000930       0x90 ./Drivers/STM32L4xx_HAL_Driver/Src/stm32l4xx_hal_rcc.o
 .debug_aranges
                0x00000000000009c0       0xf0 ./Drivers/STM32L4xx_HAL_Driver/Src/stm32l4xx_hal_rcc_ex.o
 .debug_aranges
                0x0000000000000ab0      0x1d8 ./Drivers/STM32L4xx_HAL_Driver/Src/stm32l4xx_hal_spi.o
 .debug_aranges
                0x0000000000000c88      0x228 ./Drivers/STM32L4xx_HAL_Driver/Src/stm32l4xx_hal_uart.o
 .debug_aranges
                0x0000000000000eb0       0x28 ./FATFS/App/fatfs.o
 .debug_aranges
                0x0000000000000ed8       0x40 ./FATFS/Target/user_diskio.o
 .debug_aranges
                0x0000000000000f18       0x48 ./Middlewares/Third_Party/FatFs/src/diskio.o
 .debug_aranges
                0x0000000000000f60      0x208 ./Middlewares/Third_Party/FatFs/src/ff.o
 .debug_aranges
                0x0000000000001168       0x40 ./Middlewares/Third_Party/FatFs/src/ff_gen_drv.o

.debug_ranges   0x0000000000000000     0x1080
 .debug_ranges  0x0000000000000000       0x10 ./Core/Src/fonts.o
 .debug_ranges  0x0000000000000010       0x50 ./Core/Src/main.o
 .debug_ranges  0x0000000000000060       0xe8 ./Core/Src/ssd1306.o
 .debug_ranges  0x0000000000000148       0x40 ./Core/Src/stm32l4xx_hal_msp.o
 .debug_ranges  0x0000000000000188       0x58 ./Core/Src/stm32l4xx_it.o
 .debug_ranges  0x00000000000001e0       0x18 ./Core/Src/system_stm32l4xx.o
 .debug_ranges  0x00000000000001f8       0x20 ./Core/Startup/startup_stm32l443cctx.o
 .debug_ranges  0x0000000000000218      0x120 ./Drivers/STM32L4xx_HAL_Driver/Src/stm32l4xx_hal.o
 .debug_ranges  0x0000000000000338      0x108 ./Drivers/STM32L4xx_HAL_Driver/Src/stm32l4xx_hal_cortex.o
 .debug_ranges  0x0000000000000440       0x48 ./Drivers/STM32L4xx_HAL_Driver/Src/stm32l4xx_hal_gpio.o
 .debug_ranges  0x0000000000000488      0x290 ./Drivers/STM32L4xx_HAL_Driver/Src/stm32l4xx_hal_i2c.o
 .debug_ranges  0x0000000000000718       0x38 ./Drivers/STM32L4xx_HAL_Driver/Src/stm32l4xx_hal_i2c_ex.o
 .debug_ranges  0x0000000000000750      0x118 ./Drivers/STM32L4xx_HAL_Driver/Src/stm32l4xx_hal_pwr_ex.o
 .debug_ranges  0x0000000000000868       0x80 ./Drivers/STM32L4xx_HAL_Driver/Src/stm32l4xx_hal_rcc.o
 .debug_ranges  0x00000000000008e8       0xe0 ./Drivers/STM32L4xx_HAL_Driver/Src/stm32l4xx_hal_rcc_ex.o
 .debug_ranges  0x00000000000009c8      0x1c8 ./Drivers/STM32L4xx_HAL_Driver/Src/stm32l4xx_hal_spi.o
 .debug_ranges  0x0000000000000b90      0x248 ./Drivers/STM32L4xx_HAL_Driver/Src/stm32l4xx_hal_uart.o
 .debug_ranges  0x0000000000000dd8       0x18 ./FATFS/App/fatfs.o
 .debug_ranges  0x0000000000000df0       0x30 ./FATFS/Target/user_diskio.o
 .debug_ranges  0x0000000000000e20       0x38 ./Middlewares/Third_Party/FatFs/src/diskio.o
 .debug_ranges  0x0000000000000e58      0x1f8 ./Middlewares/Third_Party/FatFs/src/ff.o
 .debug_ranges  0x0000000000001050       0x30 ./Middlewares/Third_Party/FatFs/src/ff_gen_drv.o

.debug_macro    0x0000000000000000     0x46fc
 .debug_macro   0x0000000000000000      0x2b2 ./Core/Src/fonts.o
 .debug_macro   0x00000000000002b2       0x52 ./Core/Src/fonts.o
 .debug_macro   0x0000000000000304       0x1e ./Core/Src/fonts.o
 .debug_macro   0x0000000000000322       0x3c ./Core/Src/fonts.o
 .debug_macro   0x000000000000035e       0x34 ./Core/Src/fonts.o
 .debug_macro   0x0000000000000392       0x16 ./Core/Src/fonts.o
 .debug_macro   0x00000000000003a8       0x43 ./Core/Src/fonts.o
 .debug_macro   0x00000000000003eb       0x34 ./Core/Src/fonts.o
 .debug_macro   0x000000000000041f       0x10 ./Core/Src/fonts.o
 .debug_macro   0x000000000000042f       0x58 ./Core/Src/fonts.o
 .debug_macro   0x0000000000000487       0x71 ./Core/Src/fonts.o
 .debug_macro   0x00000000000004f8       0x1c ./Core/Src/fonts.o
 .debug_macro   0x0000000000000514      0x12a ./Core/Src/fonts.o
 .debug_macro   0x000000000000063e      0x341 ./Core/Src/fonts.o
 .debug_macro   0x000000000000097f       0x10 ./Core/Src/fonts.o
 .debug_macro   0x000000000000098f       0x35 ./Core/Src/fonts.o
 .debug_macro   0x00000000000009c4       0x20 ./Core/Src/fonts.o
 .debug_macro   0x00000000000009e4      0x431 ./Core/Src/main.o
 .debug_macro   0x0000000000000e15       0x10 ./Core/Src/main.o
 .debug_macro   0x0000000000000e25       0xeb ./Core/Src/main.o
 .debug_macro   0x0000000000000f10       0x16 ./Core/Src/main.o
 .debug_macro   0x0000000000000f26       0x16 ./Core/Src/main.o
 .debug_macro   0x0000000000000f3c       0x29 ./Core/Src/main.o
 .debug_macro   0x0000000000000f65       0x12 ./Core/Src/main.o
 .debug_macro   0x0000000000000f77       0xe2 ./Core/Src/main.o
 .debug_macro   0x0000000000001059       0x8e ./Core/Src/main.o
 .debug_macro   0x00000000000010e7       0x16 ./Core/Src/main.o
 .debug_macro   0x00000000000010fd       0x1d ./Core/Src/main.o
 .debug_macro   0x000000000000111a       0x1c ./Core/Src/main.o
 .debug_macro   0x0000000000001136       0x10 ./Core/Src/main.o
 .debug_macro   0x0000000000001146       0x10 ./Core/Src/main.o
 .debug_macro   0x0000000000001156       0x1c ./Core/Src/main.o
 .debug_macro   0x0000000000001172       0x52 ./Core/Src/main.o
 .debug_macro   0x00000000000011c4       0x22 ./Core/Src/main.o
 .debug_macro   0x00000000000011e6       0x10 ./Core/Src/main.o
 .debug_macro   0x00000000000011f6       0x52 ./Core/Src/main.o
 .debug_macro   0x0000000000001248       0xd5 ./Core/Src/main.o
 .debug_macro   0x000000000000131d       0x1c ./Core/Src/main.o
 .debug_macro   0x0000000000001339       0x3d ./Core/Src/main.o
 .debug_macro   0x0000000000001376       0x16 ./Core/Src/main.o
 .debug_macro   0x000000000000138c      0x145 ./Core/Src/main.o
 .debug_macro   0x00000000000014d1      0x33d ./Core/Src/ssd1306.o
 .debug_macro   0x000000000000180e      0x1e9 ./Core/Src/stm32l4xx_hal_msp.o
 .debug_macro   0x00000000000019f7      0x1f3 ./Core/Src/stm32l4xx_it.o
 .debug_macro   0x0000000000001bea      0x1da ./Core/Src/system_stm32l4xx.o
 .debug_macro   0x0000000000001dc4      0x228 ./Drivers/STM32L4xx_HAL_Driver/Src/stm32l4xx_hal.o
 .debug_macro   0x0000000000001fec      0x1da ./Drivers/STM32L4xx_HAL_Driver/Src/stm32l4xx_hal_cortex.o
 .debug_macro   0x00000000000021c6      0x1e1 ./Drivers/STM32L4xx_HAL_Driver/Src/stm32l4xx_hal_gpio.o
 .debug_macro   0x00000000000023a7      0x2a6 ./Drivers/STM32L4xx_HAL_Driver/Src/stm32l4xx_hal_i2c.o
 .debug_macro   0x000000000000264d      0x1da ./Drivers/STM32L4xx_HAL_Driver/Src/stm32l4xx_hal_i2c_ex.o
 .debug_macro   0x0000000000002827      0x1fe ./Drivers/STM32L4xx_HAL_Driver/Src/stm32l4xx_hal_pwr_ex.o
 .debug_macro   0x0000000000002a25      0x21c ./Drivers/STM32L4xx_HAL_Driver/Src/stm32l4xx_hal_rcc.o
 .debug_macro   0x0000000000002c41      0x210 ./Drivers/STM32L4xx_HAL_Driver/Src/stm32l4xx_hal_rcc_ex.o
 .debug_macro   0x0000000000002e51      0x1e2 ./Drivers/STM32L4xx_HAL_Driver/Src/stm32l4xx_hal_spi.o
 .debug_macro   0x0000000000003033      0x205 ./Drivers/STM32L4xx_HAL_Driver/Src/stm32l4xx_hal_uart.o
 .debug_macro   0x0000000000003238      0x30e ./FATFS/App/fatfs.o
 .debug_macro   0x0000000000003546       0xe5 ./FATFS/App/fatfs.o
 .debug_macro   0x000000000000362b      0x32b ./FATFS/Target/user_diskio.o
 .debug_macro   0x0000000000003956       0x56 ./FATFS/Target/user_diskio.o
 .debug_macro   0x00000000000039ac      0x2fb ./Middlewares/Third_Party/FatFs/src/diskio.o
 .debug_macro   0x0000000000003ca7      0x702 ./Middlewares/Third_Party/FatFs/src/ff.o
 .debug_macro   0x00000000000043a9       0x58 ./Middlewares/Third_Party/FatFs/src/ff.o
 .debug_macro   0x0000000000004401      0x2fb ./Middlewares/Third_Party/FatFs/src/ff_gen_drv.o

.debug_line     0x0000000000000000    0x178c1
 .debug_line    0x0000000000000000      0x85b ./Core/Src/fonts.o
 .debug_line    0x000000000000085b      0xca0 ./Core/Src/main.o
 .debug_line    0x00000000000014fb     0x102f ./Core/Src/ssd1306.o
 .debug_line    0x000000000000252a      0x869 ./Core/Src/stm32l4xx_hal_msp.o
 .debug_line    0x0000000000002d93      0x7ed ./Core/Src/stm32l4xx_it.o
 .debug_line    0x0000000000003580      0x78d ./Core/Src/system_stm32l4xx.o
 .debug_line    0x0000000000003d0d       0x88 ./Core/Startup/startup_stm32l443cctx.o
 .debug_line    0x0000000000003d95      0xae5 ./Drivers/STM32L4xx_HAL_Driver/Src/stm32l4xx_hal.o
 .debug_line    0x000000000000487a      0xc8c ./Drivers/STM32L4xx_HAL_Driver/Src/stm32l4xx_hal_cortex.o
 .debug_line    0x0000000000005506      0xb05 ./Drivers/STM32L4xx_HAL_Driver/Src/stm32l4xx_hal_gpio.o
 .debug_line    0x000000000000600b     0x3677 ./Drivers/STM32L4xx_HAL_Driver/Src/stm32l4xx_hal_i2c.o
 .debug_line    0x0000000000009682      0x913 ./Drivers/STM32L4xx_HAL_Driver/Src/stm32l4xx_hal_i2c_ex.o
 .debug_line    0x0000000000009f95      0xbf8 ./Drivers/STM32L4xx_HAL_Driver/Src/stm32l4xx_hal_pwr_ex.o
 .debug_line    0x000000000000ab8d      0xf9d ./Drivers/STM32L4xx_HAL_Driver/Src/stm32l4xx_hal_rcc.o
 .debug_line    0x000000000000bb2a     0x1361 ./Drivers/STM32L4xx_HAL_Driver/Src/stm32l4xx_hal_rcc_ex.o
 .debug_line    0x000000000000ce8b     0x1f1f ./Drivers/STM32L4xx_HAL_Driver/Src/stm32l4xx_hal_spi.o
 .debug_line    0x000000000000edaa     0x321b ./Drivers/STM32L4xx_HAL_Driver/Src/stm32l4xx_hal_uart.o
 .debug_line    0x0000000000011fc5      0x8e2 ./FATFS/App/fatfs.o
 .debug_line    0x00000000000128a7      0x941 ./FATFS/Target/user_diskio.o
 .debug_line    0x00000000000131e8      0x951 ./Middlewares/Third_Party/FatFs/src/diskio.o
 .debug_line    0x0000000000013b39     0x3419 ./Middlewares/Third_Party/FatFs/src/ff.o
 .debug_line    0x0000000000016f52      0x96f ./Middlewares/Third_Party/FatFs/src/ff_gen_drv.o

.debug_str      0x0000000000000000    0xd329d
 .debug_str     0x0000000000000000    0xcb710 ./Core/Src/fonts.o
                                      0xcb9df (size before relaxing)
 .debug_str     0x00000000000cb710     0x27af ./Core/Src/main.o
                                      0xce267 (size before relaxing)
 .debug_str     0x00000000000cdebf      0x4e7 ./Core/Src/ssd1306.o
                                      0xcc4e6 (size before relaxing)
 .debug_str     0x00000000000ce3a6      0x294 ./Core/Src/stm32l4xx_hal_msp.o
                                      0xc9804 (size before relaxing)
 .debug_str     0x00000000000ce63a       0xf0 ./Core/Src/stm32l4xx_it.o
                                      0xc8c12 (size before relaxing)
 .debug_str     0x00000000000ce72a       0xf2 ./Core/Src/system_stm32l4xx.o
                                      0xc8d21 (size before relaxing)
 .debug_str     0x00000000000ce81c       0x36 ./Core/Startup/startup_stm32l443cctx.o
                                         0x83 (size before relaxing)
 .debug_str     0x00000000000ce852      0xa13 ./Drivers/STM32L4xx_HAL_Driver/Src/stm32l4xx_hal.o
                                      0xc97ec (size before relaxing)
 .debug_str     0x00000000000cf265      0x344 ./Drivers/STM32L4xx_HAL_Driver/Src/stm32l4xx_hal_cortex.o
                                      0xc949d (size before relaxing)
 .debug_str     0x00000000000cf5a9      0x123 ./Drivers/STM32L4xx_HAL_Driver/Src/stm32l4xx_hal_gpio.o
                                      0xc8e95 (size before relaxing)
 .debug_str     0x00000000000cf6cc      0xdb6 ./Drivers/STM32L4xx_HAL_Driver/Src/stm32l4xx_hal_i2c.o
                                      0xc9f22 (size before relaxing)
 .debug_str     0x00000000000d0482       0xb8 ./Drivers/STM32L4xx_HAL_Driver/Src/stm32l4xx_hal_i2c_ex.o
                                      0xc9258 (size before relaxing)
 .debug_str     0x00000000000d053a      0x44e ./Drivers/STM32L4xx_HAL_Driver/Src/stm32l4xx_hal_pwr_ex.o
                                      0xc91c9 (size before relaxing)
 .debug_str     0x00000000000d0988      0x381 ./Drivers/STM32L4xx_HAL_Driver/Src/stm32l4xx_hal_rcc.o
                                      0xc9321 (size before relaxing)
 .debug_str     0x00000000000d0d09      0x52e ./Drivers/STM32L4xx_HAL_Driver/Src/stm32l4xx_hal_rcc_ex.o
                                      0xc95be (size before relaxing)
 .debug_str     0x00000000000d1237      0x574 ./Drivers/STM32L4xx_HAL_Driver/Src/stm32l4xx_hal_spi.o
                                      0xc953f (size before relaxing)
 .debug_str     0x00000000000d17ab      0x8ab ./Drivers/STM32L4xx_HAL_Driver/Src/stm32l4xx_hal_uart.o
                                      0xc9a51 (size before relaxing)
 .debug_str     0x00000000000d2056       0xf1 ./FATFS/App/fatfs.o
                                      0xcc1ad (size before relaxing)
 .debug_str     0x00000000000d2147       0x6b ./FATFS/Target/user_diskio.o
                                      0xcc12b (size before relaxing)
 .debug_str     0x00000000000d21b2       0x52 ./Middlewares/Third_Party/FatFs/src/diskio.o
                                      0xcc0bc (size before relaxing)
 .debug_str     0x00000000000d2204     0x1008 ./Middlewares/Third_Party/FatFs/src/ff.o
                                      0xcd31f (size before relaxing)
 .debug_str     0x00000000000d320c       0x91 ./Middlewares/Third_Party/FatFs/src/ff_gen_drv.o
                                      0xcc10d (size before relaxing)

.comment        0x0000000000000000       0x50
 .comment       0x0000000000000000       0x50 ./Core/Src/fonts.o
                                         0x51 (size before relaxing)
 .comment       0x0000000000000050       0x51 ./Core/Src/main.o
 .comment       0x0000000000000050       0x51 ./Core/Src/ssd1306.o
 .comment       0x0000000000000050       0x51 ./Core/Src/stm32l4xx_hal_msp.o
 .comment       0x0000000000000050       0x51 ./Core/Src/stm32l4xx_it.o
 .comment       0x0000000000000050       0x51 ./Core/Src/system_stm32l4xx.o
 .comment       0x0000000000000050       0x51 ./Drivers/STM32L4xx_HAL_Driver/Src/stm32l4xx_hal.o
 .comment       0x0000000000000050       0x51 ./Drivers/STM32L4xx_HAL_Driver/Src/stm32l4xx_hal_cortex.o
 .comment       0x0000000000000050       0x51 ./Drivers/STM32L4xx_HAL_Driver/Src/stm32l4xx_hal_gpio.o
 .comment       0x0000000000000050       0x51 ./Drivers/STM32L4xx_HAL_Driver/Src/stm32l4xx_hal_i2c.o
 .comment       0x0000000000000050       0x51 ./Drivers/STM32L4xx_HAL_Driver/Src/stm32l4xx_hal_i2c_ex.o
 .comment       0x0000000000000050       0x51 ./Drivers/STM32L4xx_HAL_Driver/Src/stm32l4xx_hal_pwr_ex.o
 .comment       0x0000000000000050       0x51 ./Drivers/STM32L4xx_HAL_Driver/Src/stm32l4xx_hal_rcc.o
 .comment       0x0000000000000050       0x51 ./Drivers/STM32L4xx_HAL_Driver/Src/stm32l4xx_hal_rcc_ex.o
 .comment       0x0000000000000050       0x51 ./Drivers/STM32L4xx_HAL_Driver/Src/stm32l4xx_hal_spi.o
 .comment       0x0000000000000050       0x51 ./Drivers/STM32L4xx_HAL_Driver/Src/stm32l4xx_hal_uart.o
 .comment       0x0000000000000050       0x51 ./FATFS/App/fatfs.o
 .comment       0x0000000000000050       0x51 ./FATFS/Target/user_diskio.o
 .comment       0x0000000000000050       0x51 ./Middlewares/Third_Party/FatFs/src/diskio.o
 .comment       0x0000000000000050       0x51 ./Middlewares/Third_Party/FatFs/src/ff.o
 .comment       0x0000000000000050       0x51 ./Middlewares/Third_Party/FatFs/src/ff_gen_drv.o

.debug_frame    0x0000000000000000     0x498c
 .debug_frame   0x0000000000000000       0x38 ./Core/Src/fonts.o
 .debug_frame   0x0000000000000038      0x11c ./Core/Src/main.o
 .debug_frame   0x0000000000000154      0x414 ./Core/Src/ssd1306.o
 .debug_frame   0x0000000000000568      0x118 ./Core/Src/stm32l4xx_hal_msp.o
 .debug_frame   0x0000000000000680      0x124 ./Core/Src/stm32l4xx_it.o
 .debug_frame   0x00000000000007a4       0x58 ./Core/Src/system_stm32l4xx.o
 .debug_frame   0x00000000000007fc      0x498 ./Drivers/STM32L4xx_HAL_Driver/Src/stm32l4xx_hal.o
 .debug_frame   0x0000000000000c94      0x498 ./Drivers/STM32L4xx_HAL_Driver/Src/stm32l4xx_hal_cortex.o
 .debug_frame   0x000000000000112c      0x14c ./Drivers/STM32L4xx_HAL_Driver/Src/stm32l4xx_hal_gpio.o
 .debug_frame   0x0000000000001278      0xc38 ./Drivers/STM32L4xx_HAL_Driver/Src/stm32l4xx_hal_i2c.o
 .debug_frame   0x0000000000001eb0      0x100 ./Drivers/STM32L4xx_HAL_Driver/Src/stm32l4xx_hal_i2c_ex.o
 .debug_frame   0x0000000000001fb0      0x4a4 ./Drivers/STM32L4xx_HAL_Driver/Src/stm32l4xx_hal_pwr_ex.o
 .debug_frame   0x0000000000002454      0x21c ./Drivers/STM32L4xx_HAL_Driver/Src/stm32l4xx_hal_rcc.o
 .debug_frame   0x0000000000002670      0x3d0 ./Drivers/STM32L4xx_HAL_Driver/Src/stm32l4xx_hal_rcc_ex.o
 .debug_frame   0x0000000000002a40      0x860 ./Drivers/STM32L4xx_HAL_Driver/Src/stm32l4xx_hal_spi.o
 .debug_frame   0x00000000000032a0      0x9f4 ./Drivers/STM32L4xx_HAL_Driver/Src/stm32l4xx_hal_uart.o
 .debug_frame   0x0000000000003c94       0x4c ./FATFS/App/fatfs.o
 .debug_frame   0x0000000000003ce0       0xd8 ./FATFS/Target/user_diskio.o
 .debug_frame   0x0000000000003db8       0xec ./Middlewares/Third_Party/FatFs/src/diskio.o
 .debug_frame   0x0000000000003ea4      0x94c ./Middlewares/Third_Party/FatFs/src/ff.o
 .debug_frame   0x00000000000047f0       0xc8 ./Middlewares/Third_Party/FatFs/src/ff_gen_drv.o
 .debug_frame   0x00000000000048b8       0x2c c:/st/stm32cubeide_1.11.2/stm32cubeide/plugins/com.st.stm32cube.ide.mcu.externaltools.gnu-tools-for-stm32.10.3-2021.10.win32_1.0.100.202210260954/tools/bin/../lib/gcc/arm-none-eabi/10.3.1/../../../../arm-none-eabi/lib/thumb/v7e-m+fp/hard\libc_nano.a(lib_a-init.o)
 .debug_frame   0x00000000000048e4       0x20 c:/st/stm32cubeide_1.11.2/stm32cubeide/plugins/com.st.stm32cube.ide.mcu.externaltools.gnu-tools-for-stm32.10.3-2021.10.win32_1.0.100.202210260954/tools/bin/../lib/gcc/arm-none-eabi/10.3.1/../../../../arm-none-eabi/lib/thumb/v7e-m+fp/hard\libc_nano.a(lib_a-memset.o)
 .debug_frame   0x0000000000004904       0x28 c:/st/stm32cubeide_1.11.2/stm32cubeide/plugins/com.st.stm32cube.ide.mcu.externaltools.gnu-tools-for-stm32.10.3-2021.10.win32_1.0.100.202210260954/tools/bin/../lib/gcc/arm-none-eabi/10.3.1/../../../../arm-none-eabi/lib/thumb/v7e-m+fp/hard\libc_nano.a(lib_a-strcat.o)
 .debug_frame   0x000000000000492c       0x2c c:/st/stm32cubeide_1.11.2/stm32cubeide/plugins/com.st.stm32cube.ide.mcu.externaltools.gnu-tools-for-stm32.10.3-2021.10.win32_1.0.100.202210260954/tools/bin/../lib/gcc/arm-none-eabi/10.3.1/thumb/v7e-m+fp/hard\libgcc.a(_aeabi_uldivmod.o)
 .debug_frame   0x0000000000004958       0x34 c:/st/stm32cubeide_1.11.2/stm32cubeide/plugins/com.st.stm32cube.ide.mcu.externaltools.gnu-tools-for-stm32.10.3-2021.10.win32_1.0.100.202210260954/tools/bin/../lib/gcc/arm-none-eabi/10.3.1/thumb/v7e-m+fp/hard\libgcc.a(_udivmoddi4.o)
