Archive member included to satisfy reference by file (symbol)

c:/st/stm32cubeide_1.11.2/stm32cubeide/plugins/com.st.stm32cube.ide.mcu.externaltools.gnu-tools-for-stm32.10.3-2021.10.win32_1.0.100.202210260954/tools/bin/../lib/gcc/arm-none-eabi/10.3.1/../../../../arm-none-eabi/lib/thumb/v7e-m+fp/hard\libc_nano.a(lib_a-errno.o)
                              ./Core/Src/syscalls.o (__errno)
c:/st/stm32cubeide_1.11.2/stm32cubeide/plugins/com.st.stm32cube.ide.mcu.externaltools.gnu-tools-for-stm32.10.3-2021.10.win32_1.0.100.202210260954/tools/bin/../lib/gcc/arm-none-eabi/10.3.1/../../../../arm-none-eabi/lib/thumb/v7e-m+fp/hard\libc_nano.a(lib_a-exit.o)
                              c:/st/stm32cubeide_1.11.2/stm32cubeide/plugins/com.st.stm32cube.ide.mcu.externaltools.gnu-tools-for-stm32.10.3-2021.10.win32_1.0.100.202210260954/tools/bin/../lib/gcc/arm-none-eabi/10.3.1/../../../../arm-none-eabi/lib/thumb/v7e-m+fp/hard/crt0.o (exit)
c:/st/stm32cubeide_1.11.2/stm32cubeide/plugins/com.st.stm32cube.ide.mcu.externaltools.gnu-tools-for-stm32.10.3-2021.10.win32_1.0.100.202210260954/tools/bin/../lib/gcc/arm-none-eabi/10.3.1/../../../../arm-none-eabi/lib/thumb/v7e-m+fp/hard\libc_nano.a(lib_a-impure.o)
                              c:/st/stm32cubeide_1.11.2/stm32cubeide/plugins/com.st.stm32cube.ide.mcu.externaltools.gnu-tools-for-stm32.10.3-2021.10.win32_1.0.100.202210260954/tools/bin/../lib/gcc/arm-none-eabi/10.3.1/../../../../arm-none-eabi/lib/thumb/v7e-m+fp/hard\libc_nano.a(lib_a-exit.o) (_global_impure_ptr)
c:/st/stm32cubeide_1.11.2/stm32cubeide/plugins/com.st.stm32cube.ide.mcu.externaltools.gnu-tools-for-stm32.10.3-2021.10.win32_1.0.100.202210260954/tools/bin/../lib/gcc/arm-none-eabi/10.3.1/../../../../arm-none-eabi/lib/thumb/v7e-m+fp/hard\libc_nano.a(lib_a-init.o)
                              c:/st/stm32cubeide_1.11.2/stm32cubeide/plugins/com.st.stm32cube.ide.mcu.externaltools.gnu-tools-for-stm32.10.3-2021.10.win32_1.0.100.202210260954/tools/bin/../lib/gcc/arm-none-eabi/10.3.1/../../../../arm-none-eabi/lib/thumb/v7e-m+fp/hard/crt0.o (__libc_init_array)
c:/st/stm32cubeide_1.11.2/stm32cubeide/plugins/com.st.stm32cube.ide.mcu.externaltools.gnu-tools-for-stm32.10.3-2021.10.win32_1.0.100.202210260954/tools/bin/../lib/gcc/arm-none-eabi/10.3.1/../../../../arm-none-eabi/lib/thumb/v7e-m+fp/hard\libc_nano.a(lib_a-memset.o)
                              c:/st/stm32cubeide_1.11.2/stm32cubeide/plugins/com.st.stm32cube.ide.mcu.externaltools.gnu-tools-for-stm32.10.3-2021.10.win32_1.0.100.202210260954/tools/bin/../lib/gcc/arm-none-eabi/10.3.1/../../../../arm-none-eabi/lib/thumb/v7e-m+fp/hard/crt0.o (memset)
c:/st/stm32cubeide_1.11.2/stm32cubeide/plugins/com.st.stm32cube.ide.mcu.externaltools.gnu-tools-for-stm32.10.3-2021.10.win32_1.0.100.202210260954/tools/bin/../lib/gcc/arm-none-eabi/10.3.1/../../../../arm-none-eabi/lib/thumb/v7e-m+fp/hard\libc_nano.a(lib_a-strlen.o)
                              ./Core/Src/fonts.o (strlen)

Discarded input sections

 .text          0x0000000000000000        0x0 c:/st/stm32cubeide_1.11.2/stm32cubeide/plugins/com.st.stm32cube.ide.mcu.externaltools.gnu-tools-for-stm32.10.3-2021.10.win32_1.0.100.202210260954/tools/bin/../lib/gcc/arm-none-eabi/10.3.1/thumb/v7e-m+fp/hard/crti.o
 .data          0x0000000000000000        0x0 c:/st/stm32cubeide_1.11.2/stm32cubeide/plugins/com.st.stm32cube.ide.mcu.externaltools.gnu-tools-for-stm32.10.3-2021.10.win32_1.0.100.202210260954/tools/bin/../lib/gcc/arm-none-eabi/10.3.1/thumb/v7e-m+fp/hard/crti.o
 .bss           0x0000000000000000        0x0 c:/st/stm32cubeide_1.11.2/stm32cubeide/plugins/com.st.stm32cube.ide.mcu.externaltools.gnu-tools-for-stm32.10.3-2021.10.win32_1.0.100.202210260954/tools/bin/../lib/gcc/arm-none-eabi/10.3.1/thumb/v7e-m+fp/hard/crti.o
 .data          0x0000000000000000        0x4 c:/st/stm32cubeide_1.11.2/stm32cubeide/plugins/com.st.stm32cube.ide.mcu.externaltools.gnu-tools-for-stm32.10.3-2021.10.win32_1.0.100.202210260954/tools/bin/../lib/gcc/arm-none-eabi/10.3.1/thumb/v7e-m+fp/hard/crtbegin.o
 .rodata        0x0000000000000000       0x24 c:/st/stm32cubeide_1.11.2/stm32cubeide/plugins/com.st.stm32cube.ide.mcu.externaltools.gnu-tools-for-stm32.10.3-2021.10.win32_1.0.100.202210260954/tools/bin/../lib/gcc/arm-none-eabi/10.3.1/thumb/v7e-m+fp/hard/crtbegin.o
 .text          0x0000000000000000       0x7c c:/st/stm32cubeide_1.11.2/stm32cubeide/plugins/com.st.stm32cube.ide.mcu.externaltools.gnu-tools-for-stm32.10.3-2021.10.win32_1.0.100.202210260954/tools/bin/../lib/gcc/arm-none-eabi/10.3.1/../../../../arm-none-eabi/lib/thumb/v7e-m+fp/hard/crt0.o
 .data          0x0000000000000000        0x0 c:/st/stm32cubeide_1.11.2/stm32cubeide/plugins/com.st.stm32cube.ide.mcu.externaltools.gnu-tools-for-stm32.10.3-2021.10.win32_1.0.100.202210260954/tools/bin/../lib/gcc/arm-none-eabi/10.3.1/../../../../arm-none-eabi/lib/thumb/v7e-m+fp/hard/crt0.o
[...]
Memory Configuration

Name             Origin             Length             Attributes
RAM              0x0000000020000000 0x00000000000a0000 xrw
RAM2             0x0000000010000000 0x0000000000010000 xrw
RAM3             0x0000000020040000 0x0000000000060000 xrw
FLASH            0x0000000008000000 0x0000000000200000 xr
*default*        0x0000000000000000 0xffffffffffffffff

Linker script and memory map

LOAD c:/st/stm32cubeide_1.11.2/stm32cubeide/plugins/com.st.stm32cube.ide.mcu.externaltools.gnu-tools-for-stm32.10.3-2021.10.win32_1.0.100.202210260954/tools/bin/../lib/gcc/arm-none-eabi/10.3.1/thumb/v7e-m+fp/hard/crti.o
LOAD c:/st/stm32cubeide_1.11.2/stm32cubeide/plugins/com.st.stm32cube.ide.mcu.externaltools.gnu-tools-for-stm32.10.3-2021.10.win32_1.0.100.202210260954/tools/bin/../lib/gcc/arm-none-eabi/10.3.1/thumb/v7e-m+fp/hard/crtbegin.o
LOAD c:/st/stm32cubeide_1.11.2/stm32cubeide/plugins/com.st.stm32cube.ide.mcu.externaltools.gnu-tools-for-stm32.10.3-2021.10.win32_1.0.100.202210260954/tools/bin/../lib/gcc/arm-none-eabi/10.3.1/../../../../arm-none-eabi/lib/thumb/v7e-m+fp/hard/crt0.o
LOAD ./Core/Src/fonts.o
LOAD ./Core/Src/main.o
LOAD ./Core/Src/ssd1306.o
LOAD ./Core/Src/stm32l4xx_hal_msp.o
LOAD ./Core/Src/stm32l4xx_it.o
LOAD ./Core/Src/syscalls.o
LOAD ./Core/Src/sysmem.o
LOAD ./Core/Src/system_stm32l4xx.o
LOAD ./Core/Startup/startup_stm32l4r5zitxp.o
LOAD ./Drivers/STM32L4xx_HAL_Driver/Src/stm32l4xx_hal.o
LOAD ./Drivers/STM32L4xx_HAL_Driver/Src/stm32l4xx_hal_cortex.o
LOAD ./Drivers/STM32L4xx_HAL_Driver/Src/stm32l4xx_hal_dma.o
LOAD ./Drivers/STM32L4xx_HAL_Driver/Src/stm32l4xx_hal_dma_ex.o
LOAD ./Drivers/STM32L4xx_HAL_Driver/Src/stm32l4xx_hal_exti.o
LOAD ./Drivers/STM32L4xx_HAL_Driver/Src/stm32l4xx_hal_flash.o
LOAD ./Drivers/STM32L4xx_HAL_Driver/Src/stm32l4xx_hal_flash_ex.o
LOAD ./Drivers/STM32L4xx_HAL_Driver/Src/stm32l4xx_hal_flash_ramfunc.o
LOAD ./Drivers/STM32L4xx_HAL_Driver/Src/stm32l4xx_hal_gpio.o
LOAD ./Drivers/STM32L4xx_HAL_Driver/Src/stm32l4xx_hal_i2c.o
LOAD ./Drivers/STM32L4xx_HAL_Driver/Src/stm32l4xx_hal_i2c_ex.o
LOAD ./Drivers/STM32L4xx_HAL_Driver/Src/stm32l4xx_hal_pwr.o
LOAD ./Drivers/STM32L4xx_HAL_Driver/Src/stm32l4xx_hal_pwr_ex.o
LOAD ./Drivers/STM32L4xx_HAL_Driver/Src/stm32l4xx_hal_rcc.o
LOAD ./Drivers/STM32L4xx_HAL_Driver/Src/stm32l4xx_hal_rcc_ex.o
LOAD ./Drivers/STM32L4xx_HAL_Driver/Src/stm32l4xx_hal_tim.o
LOAD ./Drivers/STM32L4xx_HAL_Driver/Src/stm32l4xx_hal_tim_ex.o
START GROUP
LOAD c:/st/stm32cubeide_1.11.2/stm32cubeide/plugins/com.st.stm32cube.ide.mcu.externaltools.gnu-tools-for-stm32.10.3-2021.10.win32_1.0.100.202210260954/tools/bin/../lib/gcc/arm-none-eabi/10.3.1/../../../../arm-none-eabi/lib/thumb/v7e-m+fp/hard\libc_nano.a
LOAD c:/st/stm32cubeide_1.11.2/stm32cubeide/plugins/com.st.stm32cube.ide.mcu.externaltools.gnu-tools-for-stm32.10.3-2021.10.win32_1.0.100.202210260954/tools/bin/../lib/gcc/arm-none-eabi/10.3.1/../../../../arm-none-eabi/lib/thumb/v7e-m+fp/hard\libm.a
END GROUP
START GROUP
LOAD c:/st/stm32cubeide_1.11.2/stm32cubeide/plugins/com.st.stm32cube.ide.mcu.externaltools.gnu-tools-for-stm32.10.3-2021.10.win32_1.0.100.202210260954/tools/bin/../lib/gcc/arm-none-eabi/10.3.1/thumb/v7e-m+fp/hard\libgcc.a
LOAD c:/st/stm32cubeide_1.11.2/stm32cubeide/plugins/com.st.stm32cube.ide.mcu.externaltools.gnu-tools-for-stm32.10.3-2021.10.win32_1.0.100.202210260954/tools/bin/../lib/gcc/arm-none-eabi/10.3.1/../../../../arm-none-eabi/lib/thumb/v7e-m+fp/hard\libc_nano.a
END GROUP
START GROUP
LOAD c:/st/stm32cubeide_1.11.2/stm32cubeide/plugins/com.st.stm32cube.ide.mcu.externaltools.gnu-tools-for-stm32.10.3-2021.10.win32_1.0.100.202210260954/tools/bin/../lib/gcc/arm-none-eabi/10.3.1/thumb/v7e-m+fp/hard\libgcc.a
LOAD c:/st/stm32cubeide_1.11.2/stm32cubeide/plugins/com.st.stm32cube.ide.mcu.externaltools.gnu-tools-for-stm32.10.3-2021.10.win32_1.0.100.202210260954/tools/bin/../lib/gcc/arm-none-eabi/10.3.1/../../../../arm-none-eabi/lib/thumb/v7e-m+fp/hard\libc_nano.a
LOAD c:/st/stm32cubeide_1.11.2/stm32cubeide/plugins/com.st.stm32cube.ide.mcu.externaltools.gnu-tools-for-stm32.10.3-2021.10.win32_1.0.100.202210260954/tools/bin/../lib/gcc/arm-none-eabi/10.3.1/../../../../arm-none-eabi/lib/thumb/v7e-m+fp/hard\libnosys.a
END GROUP
START GROUP
LOAD c:/st/stm32cubeide_1.11.2/stm32cubeide/plugins/com.st.stm32cube.ide.mcu.externaltools.gnu-tools-for-stm32.10.3-2021.10.win32_1.0.100.202210260954/tools/bin/../lib/gcc/arm-none-eabi/10.3.1/thumb/v7e-m+fp/hard\libgcc.a
LOAD c:/st/stm32cubeide_1.11.2/stm32cubeide/plugins/com.st.stm32cube.ide.mcu.externaltools.gnu-tools-for-stm32.10.3-2021.10.win32_1.0.100.202210260954/tools/bin/../lib/gcc/arm-none-eabi/10.3.1/../../../../arm-none-eabi/lib/thumb/v7e-m+fp/hard\libc_nano.a
LOAD c:/st/stm32cubeide_1.11.2/stm32cubeide/plugins/com.st.stm32cube.ide.mcu.externaltools.gnu-tools-for-stm32.10.3-2021.10.win32_1.0.100.202210260954/tools/bin/../lib/gcc/arm-none-eabi/10.3.1/../../../../arm-none-eabi/lib/thumb/v7e-m+fp/hard\libnosys.a
END GROUP
LOAD c:/st/stm32cubeide_1.11.2/stm32cubeide/plugins/com.st.stm32cube.ide.mcu.externaltools.gnu-tools-for-stm32.10.3-2021.10.win32_1.0.100.202210260954/tools/bin/../lib/gcc/arm-none-eabi/10.3.1/thumb/v7e-m+fp/hard/crtend.o
LOAD c:/st/stm32cubeide_1.11.2/stm32cubeide/plugins/com.st.stm32cube.ide.mcu.externaltools.gnu-tools-for-stm32.10.3-2021.10.win32_1.0.100.202210260954/tools/bin/../lib/gcc/arm-none-eabi/10.3.1/thumb/v7e-m+fp/hard/crtn.o
                0x00000000200a0000                _estack = (ORIGIN (RAM) + LENGTH (RAM))
                0x0000000000000200                _Min_Heap_Size = 0x200
                0x0000000000000400                _Min_Stack_Size = 0x400

.isr_vector     0x0000000008000000      0x1bc
                0x0000000008000000                . = ALIGN (0x4)
 *(.isr_vector)
 .isr_vector    0x0000000008000000      0x1bc ./Core/Startup/startup_stm32l4r5zitxp.o
                0x0000000008000000                g_pfnVectors
                0x00000000080001bc                . = ALIGN (0x4)

.text           0x00000000080001bc     0x37ac
                0x00000000080001bc                . = ALIGN (0x4)
 *(.text)
 .text          0x00000000080001bc       0x40 c:/st/stm32cubeide_1.11.2/stm32cubeide/plugins/com.st.stm32cube.ide.mcu.externaltools.gnu-tools-for-stm32.10.3-2021.10.win32_1.0.100.202210260954/tools/bin/../lib/gcc/arm-none-eabi/10.3.1/thumb/v7e-m+fp/hard/crtbegin.o
 *(.text*)
 .text.main     0x00000000080001fc       0x40 ./Core/Src/main.o
                0x00000000080001fc                main
 .text.SystemClock_Config
                0x000000000800023c       0x8c ./Core/Src/main.o
                0x000000000800023c                SystemClock_Config
 .text.MX_I2C1_Init
                0x00000000080002c8       0x7c ./Core/Src/main.o
 .text.MX_GPIO_Init
                0x0000000008000344      0x48c ./Core/Src/main.o
 .text.Error_Handler
                0x00000000080007d0        0xa ./Core/Src/main.o
                0x00000000080007d0                Error_Handler
 *fill*         0x00000000080007da        0x2 
 .text.SSD1306_Init
                0x00000000080007dc      0x188 ./Core/Src/ssd1306.o
                0x00000000080007dc                SSD1306_Init
 .text.SSD1306_UpdateScreen
                0x0000000008000964       0x5c ./Core/Src/ssd1306.o
                0x0000000008000964                SSD1306_UpdateScreen
 .text.SSD1306_Fill
                0x00000000080009c0       0x30 ./Core/Src/ssd1306.o
                0x00000000080009c0                SSD1306_Fill
 .text.SSD1306_DrawPixel
                0x00000000080009f0       0xc0 ./Core/Src/ssd1306.o
                0x00000000080009f0                SSD1306_DrawPixel
 .text.SSD1306_GotoXY
                0x0000000008000ab0       0x2c ./Core/Src/ssd1306.o
                0x0000000008000ab0                SSD1306_GotoXY
 .text.SSD1306_Putc
                0x0000000008000adc      0x100 ./Core/Src/ssd1306.o
                0x0000000008000adc                SSD1306_Putc
 .text.SSD1306_Puts
                0x0000000008000bdc       0x4a ./Core/Src/ssd1306.o
                0x0000000008000bdc                SSD1306_Puts
 *fill*         0x0000000008000c26        0x2 
 .text.ssd1306_I2C_Init
                0x0000000008000c28       0x2c ./Core/Src/ssd1306.o
                0x0000000008000c28                ssd1306_I2C_Init
 .text.ssd1306_I2C_WriteMulti
                0x0000000008000c54       0xcc ./Core/Src/ssd1306.o
                0x0000000008000c54                ssd1306_I2C_WriteMulti
 .text.ssd1306_I2C_Write
                0x0000000008000d20       0x3c ./Core/Src/ssd1306.o
                0x0000000008000d20                ssd1306_I2C_Write
 .text.HAL_MspInit
                0x0000000008000d5c       0x48 ./Core/Src/stm32l4xx_hal_msp.o
                0x0000000008000d5c                HAL_MspInit
 .text.HAL_I2C_MspInit
                0x0000000008000da4       0xcc ./Core/Src/stm32l4xx_hal_msp.o
                0x0000000008000da4                HAL_I2C_MspInit
 .text.NMI_Handler
                0x0000000008000e70        0x6 ./Core/Src/stm32l4xx_it.o
                0x0000000008000e70                NMI_Handler
 .text.HardFault_Handler
                0x0000000008000e76        0x6 ./Core/Src/stm32l4xx_it.o
                0x0000000008000e76                HardFault_Handler
 .text.MemManage_Handler
                0x0000000008000e7c        0x6 ./Core/Src/stm32l4xx_it.o
                0x0000000008000e7c                MemManage_Handler
 .text.BusFault_Handler
                0x0000000008000e82        0x6 ./Core/Src/stm32l4xx_it.o
                0x0000000008000e82                BusFault_Handler
 .text.UsageFault_Handler
                0x0000000008000e88        0x6 ./Core/Src/stm32l4xx_it.o
                0x0000000008000e88                UsageFault_Handler
 .text.SVC_Handler
                0x0000000008000e8e        0xe ./Core/Src/stm32l4xx_it.o
                0x0000000008000e8e                SVC_Handler
 .text.DebugMon_Handler
                0x0000000008000e9c        0xe ./Core/Src/stm32l4xx_it.o
                0x0000000008000e9c                DebugMon_Handler
 .text.PendSV_Handler
                0x0000000008000eaa        0xe ./Core/Src/stm32l4xx_it.o
                0x0000000008000eaa                PendSV_Handler
 .text.SysTick_Handler
                0x0000000008000eb8        0xc ./Core/Src/stm32l4xx_it.o
                0x0000000008000eb8                SysTick_Handler
 .text.SystemInit
                0x0000000008000ec4       0x24 ./Core/Src/system_stm32l4xx.o
                0x0000000008000ec4                SystemInit
 .text.Reset_Handler
                0x0000000008000ee8       0x50 ./Core/Startup/startup_stm32l4r5zitxp.o
                0x0000000008000ee8                Reset_Handler
 .text.Default_Handler
                0x0000000008000f38        0x2 ./Core/Startup/startup_stm32l4r5zitxp.o
                0x0000000008000f38                RTC_Alarm_IRQHandler
                0x0000000008000f38                EXTI2_IRQHandler
                0x0000000008000f38                TIM8_TRG_COM_IRQHandler
                0x0000000008000f38                TIM8_CC_IRQHandler
                0x0000000008000f38                TIM1_CC_IRQHandler
                0x0000000008000f38                TSC_IRQHandler
                0x0000000008000f38                TAMP_STAMP_IRQHandler
                0x0000000008000f38                EXTI3_IRQHandler
                0x0000000008000f38                LPTIM2_IRQHandler
                0x0000000008000f38                DFSDM1_FLT1_IRQHandler
                0x0000000008000f38                GFXMMU_IRQHandler
                0x0000000008000f38                I2C3_ER_IRQHandler
                0x0000000008000f38                DFSDM1_FLT2_IRQHandler
                0x0000000008000f38                EXTI0_IRQHandler
                0x0000000008000f38                I2C2_EV_IRQHandler
                0x0000000008000f38                CAN1_RX0_IRQHandler
                0x0000000008000f38                FPU_IRQHandler
                0x0000000008000f38                TIM1_UP_TIM16_IRQHandler
                0x0000000008000f38                LTDC_ER_IRQHandler
                0x0000000008000f38                SPI1_IRQHandler
                0x0000000008000f38                OCTOSPI1_IRQHandler
                0x0000000008000f38                TIM6_DAC_IRQHandler
                0x0000000008000f38                DCMI_IRQHandler
                0x0000000008000f38                TIM8_UP_IRQHandler
                0x0000000008000f38                OCTOSPI2_IRQHandler
                0x0000000008000f38                DMA2_Channel2_IRQHandler
                0x0000000008000f38                DMA1_Channel4_IRQHandler
                0x0000000008000f38                SAI2_IRQHandler
                0x0000000008000f38                ADC1_IRQHandler
                0x0000000008000f38                DFSDM1_FLT3_IRQHandler
                0x0000000008000f38                USART3_IRQHandler
                0x0000000008000f38                DMA1_Channel7_IRQHandler
                0x0000000008000f38                CAN1_RX1_IRQHandler
                0x0000000008000f38                UART5_IRQHandler
                0x0000000008000f38                TIM4_IRQHandler
                0x0000000008000f38                DMA2_Channel1_IRQHandler
                0x0000000008000f38                I2C1_EV_IRQHandler
                0x0000000008000f38                DMAMUX1_OVR_IRQHandler
                0x0000000008000f38                DMA1_Channel6_IRQHandler
                0x0000000008000f38                UART4_IRQHandler
                0x0000000008000f38                DMA2_Channel4_IRQHandler
                0x0000000008000f38                TIM3_IRQHandler
                0x0000000008000f38                RCC_IRQHandler
                0x0000000008000f38                DMA1_Channel1_IRQHandler
                0x0000000008000f38                Default_Handler
                0x0000000008000f38                DMA2_Channel7_IRQHandler
                0x0000000008000f38                EXTI15_10_IRQHandler
                0x0000000008000f38                TIM7_IRQHandler
                0x0000000008000f38                SDMMC1_IRQHandler
                0x0000000008000f38                TIM5_IRQHandler
                0x0000000008000f38                I2C3_EV_IRQHandler
                0x0000000008000f38                EXTI9_5_IRQHandler
                0x0000000008000f38                RTC_WKUP_IRQHandler
                0x0000000008000f38                LTDC_IRQHandler
                0x0000000008000f38                PVD_PVM_IRQHandler
                0x0000000008000f38                SPI2_IRQHandler
                0x0000000008000f38                CAN1_TX_IRQHandler
                0x0000000008000f38                DMA2_Channel5_IRQHandler
                0x0000000008000f38                CRS_IRQHandler
                0x0000000008000f38                DMA1_Channel5_IRQHandler
                0x0000000008000f38                EXTI4_IRQHandler
                0x0000000008000f38                RNG_IRQHandler
                0x0000000008000f38                TIM1_TRG_COM_TIM17_IRQHandler
                0x0000000008000f38                DMA1_Channel3_IRQHandler
                0x0000000008000f38                COMP_IRQHandler
                0x0000000008000f38                WWDG_IRQHandler
                0x0000000008000f38                I2C4_EV_IRQHandler
                0x0000000008000f38                LPUART1_IRQHandler
                0x0000000008000f38                DMA2_Channel6_IRQHandler
                0x0000000008000f38                TIM2_IRQHandler
                0x0000000008000f38                DMA2D_IRQHandler
                0x0000000008000f38                EXTI1_IRQHandler
                0x0000000008000f38                USART2_IRQHandler
                0x0000000008000f38                DFSDM1_FLT0_IRQHandler
                0x0000000008000f38                I2C2_ER_IRQHandler
                0x0000000008000f38                DMA1_Channel2_IRQHandler
                0x0000000008000f38                TIM8_BRK_IRQHandler
                0x0000000008000f38                CAN1_SCE_IRQHandler
                0x0000000008000f38                FLASH_IRQHandler
                0x0000000008000f38                USART1_IRQHandler
                0x0000000008000f38                OTG_FS_IRQHandler
                0x0000000008000f38                SPI3_IRQHandler
                0x0000000008000f38                I2C1_ER_IRQHandler
                0x0000000008000f38                FMC_IRQHandler
                0x0000000008000f38                LPTIM1_IRQHandler
                0x0000000008000f38                I2C4_ER_IRQHandler
                0x0000000008000f38                SAI1_IRQHandler
                0x0000000008000f38                DMA2_Channel3_IRQHandler
                0x0000000008000f38                TIM1_BRK_TIM15_IRQHandler
 .text.HAL_Init
                0x0000000008000f3a       0x30 ./Drivers/STM32L4xx_HAL_Driver/Src/stm32l4xx_hal.o
                0x0000000008000f3a                HAL_Init
 *fill*         0x0000000008000f6a        0x2 
 .text.HAL_InitTick
                0x0000000008000f6c       0x78 ./Drivers/STM32L4xx_HAL_Driver/Src/stm32l4xx_hal.o
                0x0000000008000f6c                HAL_InitTick
 .text.HAL_IncTick
                0x0000000008000fe4       0x28 ./Drivers/STM32L4xx_HAL_Driver/Src/stm32l4xx_hal.o
                0x0000000008000fe4                HAL_IncTick
 .text.HAL_GetTick
                0x000000000800100c       0x18 ./Drivers/STM32L4xx_HAL_Driver/Src/stm32l4xx_hal.o
                0x000000000800100c                HAL_GetTick
 .text.HAL_Delay
                0x0000000008001024       0x48 ./Drivers/STM32L4xx_HAL_Driver/Src/stm32l4xx_hal.o
                0x0000000008001024                HAL_Delay
 .text.__NVIC_SetPriorityGrouping
                0x000000000800106c       0x48 ./Drivers/STM32L4xx_HAL_Driver/Src/stm32l4xx_hal_cortex.o
 .text.__NVIC_GetPriorityGrouping
                0x00000000080010b4       0x1c ./Drivers/STM32L4xx_HAL_Driver/Src/stm32l4xx_hal_cortex.o
 .text.__NVIC_SetPriority
                0x00000000080010d0       0x54 ./Drivers/STM32L4xx_HAL_Driver/Src/stm32l4xx_hal_cortex.o
 .text.NVIC_EncodePriority
                0x0000000008001124       0x66 ./Drivers/STM32L4xx_HAL_Driver/Src/stm32l4xx_hal_cortex.o
 *fill*         0x000000000800118a        0x2 
 .text.SysTick_Config
                0x000000000800118c       0x44 ./Drivers/STM32L4xx_HAL_Driver/Src/stm32l4xx_hal_cortex.o
 .text.HAL_NVIC_SetPriorityGrouping
                0x00000000080011d0       0x16 ./Drivers/STM32L4xx_HAL_Driver/Src/stm32l4xx_hal_cortex.o
                0x00000000080011d0                HAL_NVIC_SetPriorityGrouping
 .text.HAL_NVIC_SetPriority
                0x00000000080011e6       0x38 ./Drivers/STM32L4xx_HAL_Driver/Src/stm32l4xx_hal_cortex.o
                0x00000000080011e6                HAL_NVIC_SetPriority
 .text.HAL_SYSTICK_Config
                0x000000000800121e       0x18 ./Drivers/STM32L4xx_HAL_Driver/Src/stm32l4xx_hal_cortex.o
                0x000000000800121e                HAL_SYSTICK_Config
 *fill*         0x0000000008001236        0x2 
 .text.HAL_GPIO_Init
                0x0000000008001238      0x324 ./Drivers/STM32L4xx_HAL_Driver/Src/stm32l4xx_hal_gpio.o
                0x0000000008001238                HAL_GPIO_Init
 .text.HAL_I2C_Init
                0x000000000800155c      0x11e ./Drivers/STM32L4xx_HAL_Driver/Src/stm32l4xx_hal_i2c.o
                0x000000000800155c                HAL_I2C_Init
 *fill*         0x000000000800167a        0x2 
 .text.HAL_I2C_Master_Transmit
                0x000000000800167c      0x1e8 ./Drivers/STM32L4xx_HAL_Driver/Src/stm32l4xx_hal_i2c.o
                0x000000000800167c                HAL_I2C_Master_Transmit
 .text.HAL_I2C_IsDeviceReady
                0x0000000008001864      0x20e ./Drivers/STM32L4xx_HAL_Driver/Src/stm32l4xx_hal_i2c.o
                0x0000000008001864                HAL_I2C_IsDeviceReady
 .text.I2C_Flush_TXDR
                0x0000000008001a72       0x48 ./Drivers/STM32L4xx_HAL_Driver/Src/stm32l4xx_hal_i2c.o
 .text.I2C_WaitOnFlagUntilTimeout
                0x0000000008001aba       0x80 ./Drivers/STM32L4xx_HAL_Driver/Src/stm32l4xx_hal_i2c.o
 .text.I2C_WaitOnTXISFlagUntilTimeout
                0x0000000008001b3a       0x80 ./Drivers/STM32L4xx_HAL_Driver/Src/stm32l4xx_hal_i2c.o
 .text.I2C_WaitOnSTOPFlagUntilTimeout
                0x0000000008001bba       0x78 ./Drivers/STM32L4xx_HAL_Driver/Src/stm32l4xx_hal_i2c.o
 *fill*         0x0000000008001c32        0x2 
 .text.I2C_IsErrorOccurred
                0x0000000008001c34      0x1d8 ./Drivers/STM32L4xx_HAL_Driver/Src/stm32l4xx_hal_i2c.o
 .text.I2C_TransferConfig
                0x0000000008001e0c       0x64 ./Drivers/STM32L4xx_HAL_Driver/Src/stm32l4xx_hal_i2c.o
 .text.HAL_I2CEx_ConfigAnalogFilter
                0x0000000008001e70       0x96 ./Drivers/STM32L4xx_HAL_Driver/Src/stm32l4xx_hal_i2c_ex.o
                0x0000000008001e70                HAL_I2CEx_ConfigAnalogFilter
 .text.HAL_I2CEx_ConfigDigitalFilter
                0x0000000008001f06       0x98 ./Drivers/STM32L4xx_HAL_Driver/Src/stm32l4xx_hal_i2c_ex.o
                0x0000000008001f06                HAL_I2CEx_ConfigDigitalFilter
 *fill*         0x0000000008001f9e        0x2 
 .text.HAL_I2CEx_EnableFastModePlus
                0x0000000008001fa0       0x40 ./Drivers/STM32L4xx_HAL_Driver/Src/stm32l4xx_hal_i2c_ex.o
                0x0000000008001fa0                HAL_I2CEx_EnableFastModePlus
 .text.HAL_PWREx_GetVoltageRange
                0x0000000008001fe0       0x40 ./Drivers/STM32L4xx_HAL_Driver/Src/stm32l4xx_hal_pwr_ex.o
                0x0000000008001fe0                HAL_PWREx_GetVoltageRange
 .text.HAL_PWREx_ControlVoltageScaling
                0x0000000008002020      0x148 ./Drivers/STM32L4xx_HAL_Driver/Src/stm32l4xx_hal_pwr_ex.o
                0x0000000008002020                HAL_PWREx_ControlVoltageScaling
 .text.HAL_PWREx_EnableVddIO2
                0x0000000008002168       0x20 ./Drivers/STM32L4xx_HAL_Driver/Src/stm32l4xx_hal_pwr_ex.o
                0x0000000008002168                HAL_PWREx_EnableVddIO2
 .text.HAL_RCC_OscConfig
                0x0000000008002188      0x834 ./Drivers/STM32L4xx_HAL_Driver/Src/stm32l4xx_hal_rcc.o
                0x0000000008002188                HAL_RCC_OscConfig
 .text.HAL_RCC_ClockConfig
                0x00000000080029bc      0x274 ./Drivers/STM32L4xx_HAL_Driver/Src/stm32l4xx_hal_rcc.o
                0x00000000080029bc                HAL_RCC_ClockConfig
 .text.HAL_RCC_GetSysClockFreq
                0x0000000008002c30      0x118 ./Drivers/STM32L4xx_HAL_Driver/Src/stm32l4xx_hal_rcc.o
                0x0000000008002c30                HAL_RCC_GetSysClockFreq
 .text.RCC_SetFlashLatencyFromMSIRange
                0x0000000008002d48       0xb4 ./Drivers/STM32L4xx_HAL_Driver/Src/stm32l4xx_hal_rcc.o
 .text.RCC_GetSysClockFreqFromPLLSource
                0x0000000008002dfc       0xcc ./Drivers/STM32L4xx_HAL_Driver/Src/stm32l4xx_hal_rcc.o
 .text.HAL_RCCEx_PeriphCLKConfig
                0x0000000008002ec8      0x660 ./Drivers/STM32L4xx_HAL_Driver/Src/stm32l4xx_hal_rcc_ex.o
                0x0000000008002ec8                HAL_RCCEx_PeriphCLKConfig
 .text.RCCEx_PLLSAI1_Config
                0x0000000008003528      0x1e8 ./Drivers/STM32L4xx_HAL_Driver/Src/stm32l4xx_hal_rcc_ex.o
 .text.RCCEx_PLLSAI2_Config
                0x0000000008003710      0x1e8 ./Drivers/STM32L4xx_HAL_Driver/Src/stm32l4xx_hal_rcc_ex.o
 .text.__libc_init_array
                0x00000000080038f8       0x48 c:/st/stm32cubeide_1.11.2/stm32cubeide/plugins/com.st.stm32cube.ide.mcu.externaltools.gnu-tools-for-stm32.10.3-2021.10.win32_1.0.100.202210260954/tools/bin/../lib/gcc/arm-none-eabi/10.3.1/../../../../arm-none-eabi/lib/thumb/v7e-m+fp/hard\libc_nano.a(lib_a-init.o)
                0x00000000080038f8                __libc_init_array
 .text.memset   0x0000000008003940       0x10 c:/st/stm32cubeide_1.11.2/stm32cubeide/plugins/com.st.stm32cube.ide.mcu.externaltools.gnu-tools-for-stm32.10.3-2021.10.win32_1.0.100.202210260954/tools/bin/../lib/gcc/arm-none-eabi/10.3.1/../../../../arm-none-eabi/lib/thumb/v7e-m+fp/hard\libc_nano.a(lib_a-memset.o)
                0x0000000008003940                memset
 *(.glue_7)
 .glue_7        0x0000000008003950        0x0 linker stubs
 *(.glue_7t)
 .glue_7t       0x0000000008003950        0x0 linker stubs
 *(.eh_frame)
 .eh_frame      0x0000000008003950        0x0 c:/st/stm32cubeide_1.11.2/stm32cubeide/plugins/com.st.stm32cube.ide.mcu.externaltools.gnu-tools-for-stm32.10.3-2021.10.win32_1.0.100.202210260954/tools/bin/../lib/gcc/arm-none-eabi/10.3.1/thumb/v7e-m+fp/hard/crtbegin.o
 *(.init)
 .init          0x0000000008003950        0x4 c:/st/stm32cubeide_1.11.2/stm32cubeide/plugins/com.st.stm32cube.ide.mcu.externaltools.gnu-tools-for-stm32.10.3-2021.10.win32_1.0.100.202210260954/tools/bin/../lib/gcc/arm-none-eabi/10.3.1/thumb/v7e-m+fp/hard/crti.o
                0x0000000008003950                _init
 .init          0x0000000008003954        0x8 c:/st/stm32cubeide_1.11.2/stm32cubeide/plugins/com.st.stm32cube.ide.mcu.externaltools.gnu-tools-for-stm32.10.3-2021.10.win32_1.0.100.202210260954/tools/bin/../lib/gcc/arm-none-eabi/10.3.1/thumb/v7e-m+fp/hard/crtn.o
 *(.fini)
 .fini          0x000000000800395c        0x4 c:/st/stm32cubeide_1.11.2/stm32cubeide/plugins/com.st.stm32cube.ide.mcu.externaltools.gnu-tools-for-stm32.10.3-2021.10.win32_1.0.100.202210260954/tools/bin/../lib/gcc/arm-none-eabi/10.3.1/thumb/v7e-m+fp/hard/crti.o
                0x000000000800395c                _fini
 .fini          0x0000000008003960        0x8 c:/st/stm32cubeide_1.11.2/stm32cubeide/plugins/com.st.stm32cube.ide.mcu.externaltools.gnu-tools-for-stm32.10.3-2021.10.win32_1.0.100.202210260954/tools/bin/../lib/gcc/arm-none-eabi/10.3.1/thumb/v7e-m+fp/hard/crtn.o
                0x0000000008003968                . = ALIGN (0x4)
                0x0000000008003968                _etext = .

.vfp11_veneer   0x0000000008003968        0x0
 .vfp11_veneer  0x0000000008003968        0x0 linker stubs

.v4_bx          0x0000000008003968        0x0
 .v4_bx         0x0000000008003968        0x0 linker stubs

.iplt           0x0000000008003968        0x0
 .iplt          0x0000000008003968        0x0 c:/st/stm32cubeide_1.11.2/stm32cubeide/plugins/com.st.stm32cube.ide.mcu.externaltools.gnu-tools-for-stm32.10.3-2021.10.win32_1.0.100.202210260954/tools/bin/../lib/gcc/arm-none-eabi/10.3.1/thumb/v7e-m+fp/hard/crtbegin.o

.rodata         0x0000000008003968      0x7bc
                0x0000000008003968                . = ALIGN (0x4)
 *(.rodata)
 .rodata        0x0000000008003968        0xf ./Core/Src/main.o
 *(.rodata*)
 *fill*         0x0000000008003977        0x1 
 .rodata.Font7x10
                0x0000000008003978      0x76c ./Core/Src/fonts.o
                0x0000000008003978                Font7x10
 .rodata.AHBPrescTable
                0x00000000080040e4       0x10 ./Core/Src/system_stm32l4xx.o
                0x00000000080040e4                AHBPrescTable
 .rodata.MSIRangeTable
                0x00000000080040f4       0x30 ./Core/Src/system_stm32l4xx.o
                0x00000000080040f4                MSIRangeTable
                0x0000000008004124                . = ALIGN (0x4)

.rel.dyn        0x0000000008004124        0x0
 .rel.iplt      0x0000000008004124        0x0 c:/st/stm32cubeide_1.11.2/stm32cubeide/plugins/com.st.stm32cube.ide.mcu.externaltools.gnu-tools-for-stm32.10.3-2021.10.win32_1.0.100.202210260954/tools/bin/../lib/gcc/arm-none-eabi/10.3.1/thumb/v7e-m+fp/hard/crtbegin.o

.ARM.extab      0x0000000008004124        0x0
                0x0000000008004124                . = ALIGN (0x4)
 *(.ARM.extab* .gnu.linkonce.armextab.*)
                0x0000000008004124                . = ALIGN (0x4)

.ARM            0x0000000008004124        0x0
                0x0000000008004124                . = ALIGN (0x4)
                0x0000000008004124                __exidx_start = .
 *(.ARM.exidx*)
                0x0000000008004124                __exidx_end = .
                0x0000000008004124                . = ALIGN (0x4)

.preinit_array  0x0000000008004124        0x0
                0x0000000008004124                . = ALIGN (0x4)
                0x0000000008004124                PROVIDE (__preinit_array_start = .)
 *(.preinit_array*)
                0x0000000008004124                PROVIDE (__preinit_array_end = .)
                0x0000000008004124                . = ALIGN (0x4)

.init_array     0x0000000008004124        0x4
                0x0000000008004124                . = ALIGN (0x4)
                0x0000000008004124                PROVIDE (__init_array_start = .)
 *(SORT_BY_NAME(.init_array.*))
 *(.init_array*)
 .init_array    0x0000000008004124        0x4 c:/st/stm32cubeide_1.11.2/stm32cubeide/plugins/com.st.stm32cube.ide.mcu.externaltools.gnu-tools-for-stm32.10.3-2021.10.win32_1.0.100.202210260954/tools/bin/../lib/gcc/arm-none-eabi/10.3.1/thumb/v7e-m+fp/hard/crtbegin.o
                0x0000000008004128                PROVIDE (__init_array_end = .)
                0x0000000008004128                . = ALIGN (0x4)

.fini_array     0x0000000008004128        0x4
                0x0000000008004128                . = ALIGN (0x4)
                [!provide]                        PROVIDE (__fini_array_start = .)
 *(SORT_BY_NAME(.fini_array.*))
 *(.fini_array*)
 .fini_array    0x0000000008004128        0x4 c:/st/stm32cubeide_1.11.2/stm32cubeide/plugins/com.st.stm32cube.ide.mcu.externaltools.gnu-tools-for-stm32.10.3-2021.10.win32_1.0.100.202210260954/tools/bin/../lib/gcc/arm-none-eabi/10.3.1/thumb/v7e-m+fp/hard/crtbegin.o
                [!provide]                        PROVIDE (__fini_array_end = .)
                0x000000000800412c                . = ALIGN (0x4)
                0x000000000800412c                _sidata = LOADADDR (.data)

.data           0x0000000020000000       0x14 load address 0x000000000800412c
                0x0000000020000000                . = ALIGN (0x4)
                0x0000000020000000                _sdata = .
 *(.data)
 *(.data*)
 .data.Font_7x10
                0x0000000020000000        0x8 ./Core/Src/fonts.o
                0x0000000020000000                Font_7x10
 .data.SystemCoreClock
                0x0000000020000008        0x4 ./Core/Src/system_stm32l4xx.o
                0x0000000020000008                SystemCoreClock
 .data.uwTickPrio
                0x000000002000000c        0x4 ./Drivers/STM32L4xx_HAL_Driver/Src/stm32l4xx_hal.o
                0x000000002000000c                uwTickPrio
 .data.uwTickFreq
                0x0000000020000010        0x1 ./Drivers/STM32L4xx_HAL_Driver/Src/stm32l4xx_hal.o
                0x0000000020000010                uwTickFreq
 *(.RamFunc)
 *(.RamFunc*)
                0x0000000020000014                . = ALIGN (0x4)
 *fill*         0x0000000020000011        0x3 
                0x0000000020000014                _edata = .

.igot.plt       0x0000000020000014        0x0 load address 0x0000000008004140
 .igot.plt      0x0000000020000014        0x0 c:/st/stm32cubeide_1.11.2/stm32cubeide/plugins/com.st.stm32cube.ide.mcu.externaltools.gnu-tools-for-stm32.10.3-2021.10.win32_1.0.100.202210260954/tools/bin/../lib/gcc/arm-none-eabi/10.3.1/thumb/v7e-m+fp/hard/crtbegin.o
                0x0000000020000014                . = ALIGN (0x4)

.bss            0x0000000020000014      0x27c load address 0x0000000008004140
                0x0000000020000014                _sbss = .
                0x0000000020000014                __bss_start__ = _sbss
 *(.bss)
 .bss           0x0000000020000014       0x1c c:/st/stm32cubeide_1.11.2/stm32cubeide/plugins/com.st.stm32cube.ide.mcu.externaltools.gnu-tools-for-stm32.10.3-2021.10.win32_1.0.100.202210260954/tools/bin/../lib/gcc/arm-none-eabi/10.3.1/thumb/v7e-m+fp/hard/crtbegin.o
 *(.bss*)
 .bss.hi2c1     0x0000000020000030       0x54 ./Core/Src/main.o
                0x0000000020000030                hi2c1
 .bss.SSD1306_Buffer
                0x0000000020000084      0x200 ./Core/Src/ssd1306.o
 .bss.SSD1306   0x0000000020000284        0x6 ./Core/Src/ssd1306.o
 *fill*         0x000000002000028a        0x2 
 .bss.uwTick    0x000000002000028c        0x4 ./Drivers/STM32L4xx_HAL_Driver/Src/stm32l4xx_hal.o
                0x000000002000028c                uwTick
 *(COMMON)
                0x0000000020000290                . = ALIGN (0x4)
                0x0000000020000290                _ebss = .
                0x0000000020000290                __bss_end__ = _ebss

._user_heap_stack
                0x0000000020000290      0x600 load address 0x0000000008004140
                0x0000000020000290                . = ALIGN (0x8)
                [!provide]                        PROVIDE (end = .)
                0x0000000020000290                PROVIDE (_end = .)
                0x0000000020000490                . = (. + _Min_Heap_Size)
 *fill*         0x0000000020000290      0x200 
                0x0000000020000890                . = (. + _Min_Stack_Size)
 *fill*         0x0000000020000490      0x400 
                0x0000000020000890                . = ALIGN (0x8)

/DISCARD/
 libc.a(*)
 libm.a(*)
 libgcc.a(*)

.ARM.attributes
                0x0000000000000000       0x30
 *(.ARM.attributes)
 .ARM.attributes
                0x0000000000000000       0x1e c:/st/stm32cubeide_1.11.2/stm32cubeide/plugins/com.st.stm32cube.ide.mcu.externaltools.gnu-tools-for-stm32.10.3-2021.10.win32_1.0.100.202210260954/tools/bin/../lib/gcc/arm-none-eabi/10.3.1/thumb/v7e-m+fp/hard/crti.o
 .ARM.attributes
                0x000000000000001e       0x34 c:/st/stm32cubeide_1.11.2/stm32cubeide/plugins/com.st.stm32cube.ide.mcu.externaltools.gnu-tools-for-stm32.10.3-2021.10.win32_1.0.100.202210260954/tools/bin/../lib/gcc/arm-none-eabi/10.3.1/thumb/v7e-m+fp/hard/crtbegin.o
 .ARM.attributes
                0x0000000000000052       0x34 ./Core/Src/fonts.o
 .ARM.attributes
                0x0000000000000086       0x34 ./Core/Src/main.o
 .ARM.attributes
                0x00000000000000ba       0x34 ./Core/Src/ssd1306.o
 .ARM.attributes
                0x00000000000000ee       0x34 ./Core/Src/stm32l4xx_hal_msp.o
 .ARM.attributes
                0x0000000000000122       0x34 ./Core/Src/stm32l4xx_it.o
 .ARM.attributes
                0x0000000000000156       0x34 ./Core/Src/system_stm32l4xx.o
 .ARM.attributes
                0x000000000000018a       0x21 ./Core/Startup/startup_stm32l4r5zitxp.o
 .ARM.attributes
                0x00000000000001ab       0x34 ./Drivers/STM32L4xx_HAL_Driver/Src/stm32l4xx_hal.o
 .ARM.attributes
                0x00000000000001df       0x34 ./Drivers/STM32L4xx_HAL_Driver/Src/stm32l4xx_hal_cortex.o
 .ARM.attributes
                0x0000000000000213       0x34 ./Drivers/STM32L4xx_HAL_Driver/Src/stm32l4xx_hal_gpio.o
 .ARM.attributes
                0x0000000000000247       0x34 ./Drivers/STM32L4xx_HAL_Driver/Src/stm32l4xx_hal_i2c.o
 .ARM.attributes
                0x000000000000027b       0x34 ./Drivers/STM32L4xx_HAL_Driver/Src/stm32l4xx_hal_i2c_ex.o
 .ARM.attributes
                0x00000000000002af       0x34 ./Drivers/STM32L4xx_HAL_Driver/Src/stm32l4xx_hal_pwr_ex.o
 .ARM.attributes
                0x00000000000002e3       0x34 ./Drivers/STM32L4xx_HAL_Driver/Src/stm32l4xx_hal_rcc.o
 .ARM.attributes
                0x0000000000000317       0x34 ./Drivers/STM32L4xx_HAL_Driver/Src/stm32l4xx_hal_rcc_ex.o
 .ARM.attributes
                0x000000000000034b       0x34 c:/st/stm32cubeide_1.11.2/stm32cubeide/plugins/com.st.stm32cube.ide.mcu.externaltools.gnu-tools-for-stm32.10.3-2021.10.win32_1.0.100.202210260954/tools/bin/../lib/gcc/arm-none-eabi/10.3.1/../../../../arm-none-eabi/lib/thumb/v7e-m+fp/hard\libc_nano.a(lib_a-init.o)
 .ARM.attributes
                0x000000000000037f       0x34 c:/st/stm32cubeide_1.11.2/stm32cubeide/plugins/com.st.stm32cube.ide.mcu.externaltools.gnu-tools-for-stm32.10.3-2021.10.win32_1.0.100.202210260954/tools/bin/../lib/gcc/arm-none-eabi/10.3.1/../../../../arm-none-eabi/lib/thumb/v7e-m+fp/hard\libc_nano.a(lib_a-memset.o)
 .ARM.attributes
                0x00000000000003b3       0x1e c:/st/stm32cubeide_1.11.2/stm32cubeide/plugins/com.st.stm32cube.ide.mcu.externaltools.gnu-tools-for-stm32.10.3-2021.10.win32_1.0.100.202210260954/tools/bin/../lib/gcc/arm-none-eabi/10.3.1/thumb/v7e-m+fp/hard/crtn.o
OUTPUT(test.elf elf32-littlearm)
LOAD linker stubs
LOAD c:/st/stm32cubeide_1.11.2/stm32cubeide/plugins/com.st.stm32cube.ide.mcu.externaltools.gnu-tools-for-stm32.10.3-2021.10.win32_1.0.100.202210260954/tools/bin/../lib/gcc/arm-none-eabi/10.3.1/../../../../arm-none-eabi/lib/thumb/v7e-m+fp/hard\libc.a
LOAD c:/st/stm32cubeide_1.11.2/stm32cubeide/plugins/com.st.stm32cube.ide.mcu.externaltools.gnu-tools-for-stm32.10.3-2021.10.win32_1.0.100.202210260954/tools/bin/../lib/gcc/arm-none-eabi/10.3.1/../../../../arm-none-eabi/lib/thumb/v7e-m+fp/hard\libm.a
LOAD c:/st/stm32cubeide_1.11.2/stm32cubeide/plugins/com.st.stm32cube.ide.mcu.externaltools.gnu-tools-for-stm32.10.3-2021.10.win32_1.0.100.202210260954/tools/bin/../lib/gcc/arm-none-eabi/10.3.1/thumb/v7e-m+fp/hard\libgcc.a

.debug_info     0x0000000000000000     0xb5c9
 .debug_info    0x0000000000000000      0x27a ./Core/Src/fonts.o
 .debug_info    0x000000000000027a      0xfa6 ./Core/Src/main.o
 .debug_info    0x0000000000001220     0x1284 ./Core/Src/ssd1306.o
 .debug_info    0x00000000000024a4      0xe63 ./Core/Src/stm32l4xx_hal_msp.o
 .debug_info    0x0000000000003307      0x122 ./Core/Src/stm32l4xx_it.o
 .debug_info    0x0000000000003429      0x5fe ./Core/Src/system_stm32l4xx.o
 .debug_info    0x0000000000003a27       0x22 ./Core/Startup/startup_stm32l4r5zitxp.o
 .debug_info    0x0000000000003a49      0xb93 ./Drivers/STM32L4xx_HAL_Driver/Src/stm32l4xx_hal.o
 .debug_info    0x00000000000045dc      0xe39 ./Drivers/STM32L4xx_HAL_Driver/Src/stm32l4xx_hal_cortex.o
 .debug_info    0x0000000000005415      0x859 ./Drivers/STM32L4xx_HAL_Driver/Src/stm32l4xx_hal_gpio.o
 .debug_info    0x0000000000005c6e     0x234c ./Drivers/STM32L4xx_HAL_Driver/Src/stm32l4xx_hal_i2c.o
 .debug_info    0x0000000000007fba      0xba5 ./Drivers/STM32L4xx_HAL_Driver/Src/stm32l4xx_hal_i2c_ex.o
 .debug_info    0x0000000000008b5f      0xa5e ./Drivers/STM32L4xx_HAL_Driver/Src/stm32l4xx_hal_pwr_ex.o
 .debug_info    0x00000000000095bd      0xe19 ./Drivers/STM32L4xx_HAL_Driver/Src/stm32l4xx_hal_rcc.o
 .debug_info    0x000000000000a3d6     0x11f3 ./Drivers/STM32L4xx_HAL_Driver/Src/stm32l4xx_hal_rcc_ex.o

.debug_abbrev   0x0000000000000000     0x1cd1
 .debug_abbrev  0x0000000000000000      0x111 ./Core/Src/fonts.o
 .debug_abbrev  0x0000000000000111      0x2c0 ./Core/Src/main.o
 .debug_abbrev  0x00000000000003d1      0x303 ./Core/Src/ssd1306.o
 .debug_abbrev  0x00000000000006d4      0x1de ./Core/Src/stm32l4xx_hal_msp.o
 .debug_abbrev  0x00000000000008b2       0x74 ./Core/Src/stm32l4xx_it.o
 .debug_abbrev  0x0000000000000926      0x116 ./Core/Src/system_stm32l4xx.o
 .debug_abbrev  0x0000000000000a3c       0x12 ./Core/Startup/startup_stm32l4r5zitxp.o
 .debug_abbrev  0x0000000000000a4e      0x23a ./Drivers/STM32L4xx_HAL_Driver/Src/stm32l4xx_hal.o
 .debug_abbrev  0x0000000000000c88      0x316 ./Drivers/STM32L4xx_HAL_Driver/Src/stm32l4xx_hal_cortex.o
 .debug_abbrev  0x0000000000000f9e      0x1bb ./Drivers/STM32L4xx_HAL_Driver/Src/stm32l4xx_hal_gpio.o
 .debug_abbrev  0x0000000000001159      0x243 ./Drivers/STM32L4xx_HAL_Driver/Src/stm32l4xx_hal_i2c.o
 .debug_abbrev  0x000000000000139c      0x1b0 ./Drivers/STM32L4xx_HAL_Driver/Src/stm32l4xx_hal_i2c_ex.o
 .debug_abbrev  0x000000000000154c      0x1f3 ./Drivers/STM32L4xx_HAL_Driver/Src/stm32l4xx_hal_pwr_ex.o
 .debug_abbrev  0x000000000000173f      0x2f9 ./Drivers/STM32L4xx_HAL_Driver/Src/stm32l4xx_hal_rcc.o
 .debug_abbrev  0x0000000000001a38      0x299 ./Drivers/STM32L4xx_HAL_Driver/Src/stm32l4xx_hal_rcc_ex.o

.debug_aranges  0x0000000000000000      0xad8
 .debug_aranges
                0x0000000000000000       0x20 ./Core/Src/fonts.o
 .debug_aranges
                0x0000000000000020       0x40 ./Core/Src/main.o
 .debug_aranges
                0x0000000000000060       0xf8 ./Core/Src/ssd1306.o
 .debug_aranges
                0x0000000000000158       0x30 ./Core/Src/stm32l4xx_hal_msp.o
 .debug_aranges
                0x0000000000000188       0x60 ./Core/Src/stm32l4xx_it.o
 .debug_aranges
                0x00000000000001e8       0x28 ./Core/Src/system_stm32l4xx.o
 .debug_aranges
                0x0000000000000210       0x28 ./Core/Startup/startup_stm32l4r5zitxp.o
 .debug_aranges
                0x0000000000000238      0x130 ./Drivers/STM32L4xx_HAL_Driver/Src/stm32l4xx_hal.o
 .debug_aranges
                0x0000000000000368      0x118 ./Drivers/STM32L4xx_HAL_Driver/Src/stm32l4xx_hal_cortex.o
 .debug_aranges
                0x0000000000000480       0x58 ./Drivers/STM32L4xx_HAL_Driver/Src/stm32l4xx_hal_gpio.o
 .debug_aranges
                0x00000000000004d8      0x2a0 ./Drivers/STM32L4xx_HAL_Driver/Src/stm32l4xx_hal_i2c.o
 .debug_aranges
                0x0000000000000778       0x48 ./Drivers/STM32L4xx_HAL_Driver/Src/stm32l4xx_hal_i2c_ex.o
 .debug_aranges
                0x00000000000007c0      0x170 ./Drivers/STM32L4xx_HAL_Driver/Src/stm32l4xx_hal_pwr_ex.o
 .debug_aranges
                0x0000000000000930       0x98 ./Drivers/STM32L4xx_HAL_Driver/Src/stm32l4xx_hal_rcc.o
 .debug_aranges
                0x00000000000009c8      0x110 ./Drivers/STM32L4xx_HAL_Driver/Src/stm32l4xx_hal_rcc_ex.o

.debug_ranges   0x0000000000000000      0x9f0
 .debug_ranges  0x0000000000000000       0x10 ./Core/Src/fonts.o
 .debug_ranges  0x0000000000000010       0x30 ./Core/Src/main.o
 .debug_ranges  0x0000000000000040       0xe8 ./Core/Src/ssd1306.o
 .debug_ranges  0x0000000000000128       0x20 ./Core/Src/stm32l4xx_hal_msp.o
 .debug_ranges  0x0000000000000148       0x50 ./Core/Src/stm32l4xx_it.o
 .debug_ranges  0x0000000000000198       0x18 ./Core/Src/system_stm32l4xx.o
 .debug_ranges  0x00000000000001b0       0x20 ./Core/Startup/startup_stm32l4r5zitxp.o
 .debug_ranges  0x00000000000001d0      0x120 ./Drivers/STM32L4xx_HAL_Driver/Src/stm32l4xx_hal.o
 .debug_ranges  0x00000000000002f0      0x108 ./Drivers/STM32L4xx_HAL_Driver/Src/stm32l4xx_hal_cortex.o
 .debug_ranges  0x00000000000003f8       0x48 ./Drivers/STM32L4xx_HAL_Driver/Src/stm32l4xx_hal_gpio.o
 .debug_ranges  0x0000000000000440      0x290 ./Drivers/STM32L4xx_HAL_Driver/Src/stm32l4xx_hal_i2c.o
 .debug_ranges  0x00000000000006d0       0x38 ./Drivers/STM32L4xx_HAL_Driver/Src/stm32l4xx_hal_i2c_ex.o
 .debug_ranges  0x0000000000000708      0x160 ./Drivers/STM32L4xx_HAL_Driver/Src/stm32l4xx_hal_pwr_ex.o
 .debug_ranges  0x0000000000000868       0x88 ./Drivers/STM32L4xx_HAL_Driver/Src/stm32l4xx_hal_rcc.o
 .debug_ranges  0x00000000000008f0      0x100 ./Drivers/STM32L4xx_HAL_Driver/Src/stm32l4xx_hal_rcc_ex.o

.debug_macro    0x0000000000000000    0x2900e
 .debug_macro   0x0000000000000000      0x297 ./Core/Src/fonts.o
 .debug_macro   0x0000000000000297      0xa78 ./Core/Src/fonts.o
 .debug_macro   0x0000000000000d0f      0x1a1 ./Core/Src/fonts.o
 .debug_macro   0x0000000000000eb0       0x2e ./Core/Src/fonts.o
 .debug_macro   0x0000000000000ede       0x28 ./Core/Src/fonts.o
 .debug_macro   0x0000000000000f06       0x22 ./Core/Src/fonts.o
 .debug_macro   0x0000000000000f28       0x8e ./Core/Src/fonts.o
 .debug_macro   0x0000000000000fb6       0x51 ./Core/Src/fonts.o
 .debug_macro   0x0000000000001007      0x103 ./Core/Src/fonts.o
 .debug_macro   0x000000000000110a       0x6a ./Core/Src/fonts.o
 .debug_macro   0x0000000000001174      0x1df ./Core/Src/fonts.o
 .debug_macro   0x0000000000001353       0x1c ./Core/Src/fonts.o
 .debug_macro   0x000000000000136f       0x22 ./Core/Src/fonts.o
 .debug_macro   0x0000000000001391       0xfb ./Core/Src/fonts.o
 .debug_macro   0x000000000000148c     0x1011 ./Core/Src/fonts.o
 .debug_macro   0x000000000000249d      0x11f ./Core/Src/fonts.o
 .debug_macro   0x00000000000025bc    0x1cb71 ./Core/Src/fonts.o
 .debug_macro   0x000000000001f12d       0x6d ./Core/Src/fonts.o
 .debug_macro   0x000000000001f19a     0x38ed ./Core/Src/fonts.o
 .debug_macro   0x0000000000022a87      0x174 ./Core/Src/fonts.o
 .debug_macro   0x0000000000022bfb       0x5c ./Core/Src/fonts.o
 .debug_macro   0x0000000000022c57     0x1884 ./Core/Src/fonts.o
 .debug_macro   0x00000000000244db      0x7dc ./Core/Src/fonts.o
 .debug_macro   0x0000000000024cb7      0x1b9 ./Core/Src/fonts.o
 .debug_macro   0x0000000000024e70      0x225 ./Core/Src/fonts.o
 .debug_macro   0x0000000000025095      0x486 ./Core/Src/fonts.o
 .debug_macro   0x000000000002551b      0x1ce ./Core/Src/fonts.o
 .debug_macro   0x00000000000256e9       0x43 ./Core/Src/fonts.o
 .debug_macro   0x000000000002572c      0x23d ./Core/Src/fonts.o
 .debug_macro   0x0000000000025969      0x241 ./Core/Src/fonts.o
 .debug_macro   0x0000000000025baa      0x416 ./Core/Src/fonts.o
 .debug_macro   0x0000000000025fc0       0x1c ./Core/Src/fonts.o
 .debug_macro   0x0000000000025fdc       0xf2 ./Core/Src/fonts.o
 .debug_macro   0x00000000000260ce      0x22c ./Core/Src/fonts.o
 .debug_macro   0x00000000000262fa       0x61 ./Core/Src/fonts.o
 .debug_macro   0x000000000002635b       0xa5 ./Core/Src/fonts.o
 .debug_macro   0x0000000000026400      0x122 ./Core/Src/fonts.o
 .debug_macro   0x0000000000026522      0x3f6 ./Core/Src/fonts.o
 .debug_macro   0x0000000000026918      0x432 ./Core/Src/fonts.o
 .debug_macro   0x0000000000026d4a       0x52 ./Core/Src/fonts.o
 .debug_macro   0x0000000000026d9c       0x1e ./Core/Src/fonts.o
 .debug_macro   0x0000000000026dba       0x3c ./Core/Src/fonts.o
 .debug_macro   0x0000000000026df6       0x34 ./Core/Src/fonts.o
 .debug_macro   0x0000000000026e2a       0x16 ./Core/Src/fonts.o
 .debug_macro   0x0000000000026e40       0x43 ./Core/Src/fonts.o
 .debug_macro   0x0000000000026e83       0x34 ./Core/Src/fonts.o
 .debug_macro   0x0000000000026eb7       0x10 ./Core/Src/fonts.o
 .debug_macro   0x0000000000026ec7       0x58 ./Core/Src/fonts.o
 .debug_macro   0x0000000000026f1f       0x71 ./Core/Src/fonts.o
 .debug_macro   0x0000000000026f90       0x1c ./Core/Src/fonts.o
 .debug_macro   0x0000000000026fac      0x12a ./Core/Src/fonts.o
 .debug_macro   0x00000000000270d6      0x341 ./Core/Src/fonts.o
 .debug_macro   0x0000000000027417       0x10 ./Core/Src/fonts.o
 .debug_macro   0x0000000000027427       0x35 ./Core/Src/fonts.o
 .debug_macro   0x000000000002745c       0x20 ./Core/Src/fonts.o
 .debug_macro   0x000000000002747c      0x2e8 ./Core/Src/main.o
 .debug_macro   0x0000000000027764       0x16 ./Core/Src/main.o
 .debug_macro   0x000000000002777a       0x16 ./Core/Src/main.o
 .debug_macro   0x0000000000027790       0x29 ./Core/Src/main.o
 .debug_macro   0x00000000000277b9       0x1d ./Core/Src/main.o
 .debug_macro   0x00000000000277d6      0x322 ./Core/Src/ssd1306.o
 .debug_macro   0x0000000000027af8      0x1c9 ./Core/Src/stm32l4xx_hal_msp.o
 .debug_macro   0x0000000000027cc1      0x1d3 ./Core/Src/stm32l4xx_it.o
 .debug_macro   0x0000000000027e94      0x1bf ./Core/Src/system_stm32l4xx.o
 .debug_macro   0x0000000000028053      0x20d ./Drivers/STM32L4xx_HAL_Driver/Src/stm32l4xx_hal.o
 .debug_macro   0x0000000000028260      0x1bf ./Drivers/STM32L4xx_HAL_Driver/Src/stm32l4xx_hal_cortex.o
 .debug_macro   0x000000000002841f      0x1c6 ./Drivers/STM32L4xx_HAL_Driver/Src/stm32l4xx_hal_gpio.o
 .debug_macro   0x00000000000285e5      0x28b ./Drivers/STM32L4xx_HAL_Driver/Src/stm32l4xx_hal_i2c.o
 .debug_macro   0x0000000000028870      0x1bf ./Drivers/STM32L4xx_HAL_Driver/Src/stm32l4xx_hal_i2c_ex.o
 .debug_macro   0x0000000000028a2f      0x1e9 ./Drivers/STM32L4xx_HAL_Driver/Src/stm32l4xx_hal_pwr_ex.o
 .debug_macro   0x0000000000028c18      0x201 ./Drivers/STM32L4xx_HAL_Driver/Src/stm32l4xx_hal_rcc.o
 .debug_macro   0x0000000000028e19      0x1f5 ./Drivers/STM32L4xx_HAL_Driver/Src/stm32l4xx_hal_rcc_ex.o

.debug_line     0x0000000000000000     0xcfa9
 .debug_line    0x0000000000000000      0x811 ./Core/Src/fonts.o
 .debug_line    0x0000000000000811      0xae6 ./Core/Src/main.o
 .debug_line    0x00000000000012f7      0xfe5 ./Core/Src/ssd1306.o
 .debug_line    0x00000000000022dc      0x70f ./Core/Src/stm32l4xx_hal_msp.o
 .debug_line    0x00000000000029eb      0x76e ./Core/Src/stm32l4xx_it.o
 .debug_line    0x0000000000003159      0x743 ./Core/Src/system_stm32l4xx.o
 .debug_line    0x000000000000389c       0x89 ./Core/Startup/startup_stm32l4r5zitxp.o
 .debug_line    0x0000000000003925      0xa9b ./Drivers/STM32L4xx_HAL_Driver/Src/stm32l4xx_hal.o
 .debug_line    0x00000000000043c0      0xc42 ./Drivers/STM32L4xx_HAL_Driver/Src/stm32l4xx_hal_cortex.o
 .debug_line    0x0000000000005002      0xaf7 ./Drivers/STM32L4xx_HAL_Driver/Src/stm32l4xx_hal_gpio.o
 .debug_line    0x0000000000005af9     0x362d ./Drivers/STM32L4xx_HAL_Driver/Src/stm32l4xx_hal_i2c.o
 .debug_line    0x0000000000009126      0x8c9 ./Drivers/STM32L4xx_HAL_Driver/Src/stm32l4xx_hal_i2c_ex.o
 .debug_line    0x00000000000099ef      0xd08 ./Drivers/STM32L4xx_HAL_Driver/Src/stm32l4xx_hal_pwr_ex.o
 .debug_line    0x000000000000a6f7      0xfef ./Drivers/STM32L4xx_HAL_Driver/Src/stm32l4xx_hal_rcc.o
 .debug_line    0x000000000000b6e6     0x18c3 ./Drivers/STM32L4xx_HAL_Driver/Src/stm32l4xx_hal_rcc_ex.o

.debug_str      0x0000000000000000    0xf9296
 .debug_str     0x0000000000000000    0xf50f1 ./Core/Src/fonts.o
                                      0xf53b4 (size before relaxing)
 .debug_str     0x00000000000f50f1      0xae8 ./Core/Src/main.o
                                      0xf5f08 (size before relaxing)
 .debug_str     0x00000000000f5bd9      0x4ed ./Core/Src/ssd1306.o
                                      0xf5fb6 (size before relaxing)
 .debug_str     0x00000000000f60c6      0x328 ./Core/Src/stm32l4xx_hal_msp.o
                                      0xf2fee (size before relaxing)
 .debug_str     0x00000000000f63ee       0xc9 ./Core/Src/stm32l4xx_it.o
                                      0xf2565 (size before relaxing)
 .debug_str     0x00000000000f64b7       0xf2 ./Core/Src/system_stm32l4xx.o
                                      0xf2712 (size before relaxing)
 .debug_str     0x00000000000f65a9       0x37 ./Core/Startup/startup_stm32l4r5zitxp.o
                                         0x7c (size before relaxing)
 .debug_str     0x00000000000f65e0      0xab6 ./Drivers/STM32L4xx_HAL_Driver/Src/stm32l4xx_hal.o
                                      0xf32e2 (size before relaxing)
 .debug_str     0x00000000000f7096      0x344 ./Drivers/STM32L4xx_HAL_Driver/Src/stm32l4xx_hal_cortex.o
                                      0xf2f71 (size before relaxing)
 .debug_str     0x00000000000f73da      0x164 ./Drivers/STM32L4xx_HAL_Driver/Src/stm32l4xx_hal_gpio.o
                                      0xf288c (size before relaxing)
 .debug_str     0x00000000000f753e      0xdb6 ./Drivers/STM32L4xx_HAL_Driver/Src/stm32l4xx_hal_i2c.o
                                      0xf39f2 (size before relaxing)
 .debug_str     0x00000000000f82f4       0x9b ./Drivers/STM32L4xx_HAL_Driver/Src/stm32l4xx_hal_i2c_ex.o
                                      0xf2d4a (size before relaxing)
 .debug_str     0x00000000000f838f      0x57a ./Drivers/STM32L4xx_HAL_Driver/Src/stm32l4xx_hal_pwr_ex.o
                                      0xf2ce5 (size before relaxing)
 .debug_str     0x00000000000f8909      0x3c7 ./Drivers/STM32L4xx_HAL_Driver/Src/stm32l4xx_hal_rcc.o
                                      0xf2d85 (size before relaxing)
 .debug_str     0x00000000000f8cd0      0x5c6 ./Drivers/STM32L4xx_HAL_Driver/Src/stm32l4xx_hal_rcc_ex.o
                                      0xf3146 (size before relaxing)

.comment        0x0000000000000000       0x50
 .comment       0x0000000000000000       0x50 ./Core/Src/fonts.o
                                         0x51 (size before relaxing)
 .comment       0x0000000000000050       0x51 ./Core/Src/main.o
 .comment       0x0000000000000050       0x51 ./Core/Src/ssd1306.o
 .comment       0x0000000000000050       0x51 ./Core/Src/stm32l4xx_hal_msp.o
 .comment       0x0000000000000050       0x51 ./Core/Src/stm32l4xx_it.o
 .comment       0x0000000000000050       0x51 ./Core/Src/system_stm32l4xx.o
 .comment       0x0000000000000050       0x51 ./Drivers/STM32L4xx_HAL_Driver/Src/stm32l4xx_hal.o
 .comment       0x0000000000000050       0x51 ./Drivers/STM32L4xx_HAL_Driver/Src/stm32l4xx_hal_cortex.o
 .comment       0x0000000000000050       0x51 ./Drivers/STM32L4xx_HAL_Driver/Src/stm32l4xx_hal_gpio.o
 .comment       0x0000000000000050       0x51 ./Drivers/STM32L4xx_HAL_Driver/Src/stm32l4xx_hal_i2c.o
 .comment       0x0000000000000050       0x51 ./Drivers/STM32L4xx_HAL_Driver/Src/stm32l4xx_hal_i2c_ex.o
 .comment       0x0000000000000050       0x51 ./Drivers/STM32L4xx_HAL_Driver/Src/stm32l4xx_hal_pwr_ex.o
 .comment       0x0000000000000050       0x51 ./Drivers/STM32L4xx_HAL_Driver/Src/stm32l4xx_hal_rcc.o
 .comment       0x0000000000000050       0x51 ./Drivers/STM32L4xx_HAL_Driver/Src/stm32l4xx_hal_rcc_ex.o

.debug_frame    0x0000000000000000     0x2b48
 .debug_frame   0x0000000000000000       0x38 ./Core/Src/fonts.o
 .debug_frame   0x0000000000000038       0xac ./Core/Src/main.o
 .debug_frame   0x00000000000000e4      0x414 ./Core/Src/ssd1306.o
 .debug_frame   0x00000000000004f8       0x84 ./Core/Src/stm32l4xx_hal_msp.o
 .debug_frame   0x000000000000057c      0x104 ./Core/Src/stm32l4xx_it.o
 .debug_frame   0x0000000000000680       0x58 ./Core/Src/system_stm32l4xx.o
 .debug_frame   0x00000000000006d8      0x498 ./Drivers/STM32L4xx_HAL_Driver/Src/stm32l4xx_hal.o
 .debug_frame   0x0000000000000b70      0x498 ./Drivers/STM32L4xx_HAL_Driver/Src/stm32l4xx_hal_cortex.o
 .debug_frame   0x0000000000001008      0x14c ./Drivers/STM32L4xx_HAL_Driver/Src/stm32l4xx_hal_gpio.o
 .debug_frame   0x0000000000001154      0xc38 ./Drivers/STM32L4xx_HAL_Driver/Src/stm32l4xx_hal_i2c.o
 .debug_frame   0x0000000000001d8c      0x100 ./Drivers/STM32L4xx_HAL_Driver/Src/stm32l4xx_hal_i2c_ex.o
 .debug_frame   0x0000000000001e8c      0x5c4 ./Drivers/STM32L4xx_HAL_Driver/Src/stm32l4xx_hal_pwr_ex.o
 .debug_frame   0x0000000000002450      0x248 ./Drivers/STM32L4xx_HAL_Driver/Src/stm32l4xx_hal_rcc.o
 .debug_frame   0x0000000000002698      0x464 ./Drivers/STM32L4xx_HAL_Driver/Src/stm32l4xx_hal_rcc_ex.o
 .debug_frame   0x0000000000002afc       0x2c c:/st/stm32cubeide_1.11.2/stm32cubeide/plugins/com.st.stm32cube.ide.mcu.externaltools.gnu-tools-for-stm32.10.3-2021.10.win32_1.0.100.202210260954/tools/bin/../lib/gcc/arm-none-eabi/10.3.1/../../../../arm-none-eabi/lib/thumb/v7e-m+fp/hard\libc_nano.a(lib_a-init.o)
 .debug_frame   0x0000000000002b28       0x20 c:/st/stm32cubeide_1.11.2/stm32cubeide/plugins/com.st.stm32cube.ide.mcu.externaltools.gnu-tools-for-stm32.10.3-2021.10.win32_1.0.100.202210260954/tools/bin/../lib/gcc/arm-none-eabi/10.3.1/../../../../arm-none-eabi/lib/thumb/v7e-m+fp/hard\libc_nano.a(lib_a-memset.o)
