../Drivers/STM32L4xx_HAL_Driver/Src/stm32l4xx_hal_i2c.c:6817:26:I2C_IsErrorOccurred	32	static
../Drivers/STM32L4xx_HAL_Driver/Src/stm32l4xx_hal_i2c.c:6671:26:I2C_WaitOnTXISFlagUntilTimeout	16	static
../Drivers/STM32L4xx_HAL_Driver/Src/stm32l4xx_hal_i2c.c:6709:26:I2C_WaitOnSTOPFlagUntilTimeout	16	static
../Drivers/STM32L4xx_HAL_Driver/Src/stm32l4xx_hal_i2c.c:6744:26:I2C_WaitOnRXNEFlagUntilTimeout	16	static
../Drivers/STM32L4xx_HAL_Driver/Src/stm32l4xx_hal_i2c.c:684:13:HAL_I2C_MspInit	0	static
../Drivers/STM32L4xx_HAL_Driver/Src/stm32l4xx_hal_i2c.c:528:19:HAL_I2C_Init	8	static
../Drivers/STM32L4xx_HAL_Driver/Src/stm32l4xx_hal_i2c.c:700:13:HAL_I2C_MspDeInit	0	static
../Drivers/STM32L4xx_HAL_Driver/Src/stm32l4xx_hal_i2c.c:638:19:HAL_I2C_DeInit	8	static
../Drivers/STM32L4xx_HAL_Driver/Src/stm32l4xx_hal_i2c.c:1121:19:HAL_I2C_Master_Transmit	32	static
../Drivers/STM32L4xx_HAL_Driver/Src/stm32l4xx_hal_i2c.c:1240:19:HAL_I2C_Master_Receive	32	static
../Drivers/STM32L4xx_HAL_Driver/Src/stm32l4xx_hal_i2c.c:1358:19:HAL_I2C_Slave_Transmit	24	static
../Drivers/STM32L4xx_HAL_Driver/Src/stm32l4xx_hal_i2c.c:1501:19:HAL_I2C_Slave_Receive	24	static
../Drivers/STM32L4xx_HAL_Driver/Src/stm32l4xx_hal_i2c.c:1631:19:HAL_I2C_Master_Transmit_IT	8	static
../Drivers/STM32L4xx_HAL_Driver/Src/stm32l4xx_hal_i2c.c:1702:19:HAL_I2C_Master_Receive_IT	8	static
../Drivers/STM32L4xx_HAL_Driver/Src/stm32l4xx_hal_i2c.c:1771:19:HAL_I2C_Slave_Transmit_IT	8	static
../Drivers/STM32L4xx_HAL_Driver/Src/stm32l4xx_hal_i2c.c:1821:19:HAL_I2C_Slave_Receive_IT	8	static
../Drivers/STM32L4xx_HAL_Driver/Src/stm32l4xx_hal_i2c.c:1873:19:HAL_I2C_Master_Transmit_DMA	24	static
../Drivers/STM32L4xx_HAL_Driver/Src/stm32l4xx_hal_i2c.c:2020:19:HAL_I2C_Master_Receive_DMA	24	static
../Drivers/STM32L4xx_HAL_Driver/Src/stm32l4xx_hal_i2c.c:2165:19:HAL_I2C_Slave_Transmit_DMA	24	static
../Drivers/STM32L4xx_HAL_Driver/Src/stm32l4xx_hal_i2c.c:2269:19:HAL_I2C_Slave_Receive_DMA	24	static
../Drivers/STM32L4xx_HAL_Driver/Src/stm32l4xx_hal_i2c.c:2377:19:HAL_I2C_Mem_Write	40	static
../Drivers/STM32L4xx_HAL_Driver/Src/stm32l4xx_hal_i2c.c:2514:19:HAL_I2C_Mem_Read	32	static
../Drivers/STM32L4xx_HAL_Driver/Src/stm32l4xx_hal_i2c.c:2651:19:HAL_I2C_Mem_Write_IT	16	static
../Drivers/STM32L4xx_HAL_Driver/Src/stm32l4xx_hal_i2c.c:2738:19:HAL_I2C_Mem_Read_IT	16	static
../Drivers/STM32L4xx_HAL_Driver/Src/stm32l4xx_hal_i2c.c:2824:19:HAL_I2C_Mem_Write_DMA	24	static
../Drivers/STM32L4xx_HAL_Driver/Src/stm32l4xx_hal_i2c.c:2970:19:HAL_I2C_Mem_Read_DMA	24	static
../Drivers/STM32L4xx_HAL_Driver/Src/stm32l4xx_hal_i2c.c:3115:19:HAL_I2C_IsDeviceReady	40	static
../Drivers/STM32L4xx_HAL_Driver/Src/stm32l4xx_hal_i2c.c:3257:19:HAL_I2C_Master_Seq_Transmit_IT	12	static
../Drivers/STM32L4xx_HAL_Driver/Src/stm32l4xx_hal_i2c.c:3348:19:HAL_I2C_Master_Seq_Transmit_DMA	24	static
../Drivers/STM32L4xx_HAL_Driver/Src/stm32l4xx_hal_i2c.c:3516:19:HAL_I2C_Master_Seq_Receive_IT	12	static
../Drivers/STM32L4xx_HAL_Driver/Src/stm32l4xx_hal_i2c.c:3603:19:HAL_I2C_Master_Seq_Receive_DMA	24	static
../Drivers/STM32L4xx_HAL_Driver/Src/stm32l4xx_hal_i2c.c:3769:19:HAL_I2C_Slave_Seq_Transmit_IT	32	static
../Drivers/STM32L4xx_HAL_Driver/Src/stm32l4xx_hal_i2c.c:3865:19:HAL_I2C_Slave_Seq_Transmit_DMA	40	static
../Drivers/STM32L4xx_HAL_Driver/Src/stm32l4xx_hal_i2c.c:4046:19:HAL_I2C_Slave_Seq_Receive_IT	32	static
../Drivers/STM32L4xx_HAL_Driver/Src/stm32l4xx_hal_i2c.c:4142:19:HAL_I2C_Slave_Seq_Receive_DMA	40	static
../Drivers/STM32L4xx_HAL_Driver/Src/stm32l4xx_hal_i2c.c:4319:19:HAL_I2C_EnableListen_IT	0	static
../Drivers/STM32L4xx_HAL_Driver/Src/stm32l4xx_hal_i2c.c:4343:19:HAL_I2C_DisableListen_IT	4	static
../Drivers/STM32L4xx_HAL_Driver/Src/stm32l4xx_hal_i2c.c:4376:19:HAL_I2C_Master_Abort_IT	8	static
../Drivers/STM32L4xx_HAL_Driver/Src/stm32l4xx_hal_i2c.c:4438:6:HAL_I2C_EV_IRQHandler	0	static
../Drivers/STM32L4xx_HAL_Driver/Src/stm32l4xx_hal_i2c.c:4509:13:HAL_I2C_MasterTxCpltCallback	0	static
../Drivers/STM32L4xx_HAL_Driver/Src/stm32l4xx_hal_i2c.c:4525:13:HAL_I2C_MasterRxCpltCallback	0	static
../Drivers/STM32L4xx_HAL_Driver/Src/stm32l4xx_hal_i2c.c:5786:13:I2C_ITMasterSeqCplt	16	static
../Drivers/STM32L4xx_HAL_Driver/Src/stm32l4xx_hal_i2c.c:4540:13:HAL_I2C_SlaveTxCpltCallback	0	static
../Drivers/STM32L4xx_HAL_Driver/Src/stm32l4xx_hal_i2c.c:4556:13:HAL_I2C_SlaveRxCpltCallback	0	static
../Drivers/STM32L4xx_HAL_Driver/Src/stm32l4xx_hal_i2c.c:5839:13:I2C_ITSlaveSeqCplt	8	static
../Drivers/STM32L4xx_HAL_Driver/Src/stm32l4xx_hal_i2c.c:6487:13:I2C_DMASlaveTransmitCplt	0	static
../Drivers/STM32L4xx_HAL_Driver/Src/stm32l4xx_hal_i2c.c:6565:13:I2C_DMASlaveReceiveCplt	0	static
../Drivers/STM32L4xx_HAL_Driver/Src/stm32l4xx_hal_i2c.c:4574:13:HAL_I2C_AddrCallback	0	static
../Drivers/STM32L4xx_HAL_Driver/Src/stm32l4xx_hal_i2c.c:5691:13:I2C_ITAddrCplt.part.0	16	static
../Drivers/STM32L4xx_HAL_Driver/Src/stm32l4xx_hal_i2c.c:4592:13:HAL_I2C_ListenCpltCallback	0	static
../Drivers/STM32L4xx_HAL_Driver/Src/stm32l4xx_hal_i2c.c:6215:13:I2C_ITListenCplt	8	static
../Drivers/STM32L4xx_HAL_Driver/Src/stm32l4xx_hal_i2c.c:4608:13:HAL_I2C_MemTxCpltCallback	0	static
../Drivers/STM32L4xx_HAL_Driver/Src/stm32l4xx_hal_i2c.c:4624:13:HAL_I2C_MemRxCpltCallback	0	static
../Drivers/STM32L4xx_HAL_Driver/Src/stm32l4xx_hal_i2c.c:4640:13:HAL_I2C_ErrorCallback	0	static
../Drivers/STM32L4xx_HAL_Driver/Src/stm32l4xx_hal_i2c.c:4656:13:HAL_I2C_AbortCpltCallback	0	static
../Drivers/STM32L4xx_HAL_Driver/Src/stm32l4xx_hal_i2c.c:6611:13:I2C_DMAAbort	8	static
../Drivers/STM32L4xx_HAL_Driver/Src/stm32l4xx_hal_i2c.c:6266:13:I2C_ITError	8	static
../Drivers/STM32L4xx_HAL_Driver/Src/stm32l4xx_hal_i2c.c:6056:13:I2C_ITSlaveCplt	16	static
../Drivers/STM32L4xx_HAL_Driver/Src/stm32l4xx_hal_i2c.c:5022:26:I2C_Slave_ISR_IT	24	static
../Drivers/STM32L4xx_HAL_Driver/Src/stm32l4xx_hal_i2c.c:5913:13:I2C_ITMasterCplt	24	static
../Drivers/STM32L4xx_HAL_Driver/Src/stm32l4xx_hal_i2c.c:4739:26:I2C_Master_ISR_IT	24	static
../Drivers/STM32L4xx_HAL_Driver/Src/stm32l4xx_hal_i2c.c:5442:26:I2C_Slave_ISR_DMA	24	static
../Drivers/STM32L4xx_HAL_Driver/Src/stm32l4xx_hal_i2c.c:5163:26:I2C_Master_ISR_DMA	16	static
../Drivers/STM32L4xx_HAL_Driver/Src/stm32l4xx_hal_i2c.c:6593:13:I2C_DMAError	0	static
../Drivers/STM32L4xx_HAL_Driver/Src/stm32l4xx_hal_i2c.c:6437:13:I2C_DMAMasterTransmitCplt	8	static
../Drivers/STM32L4xx_HAL_Driver/Src/stm32l4xx_hal_i2c.c:6515:13:I2C_DMAMasterReceiveCplt	8	static
../Drivers/STM32L4xx_HAL_Driver/Src/stm32l4xx_hal_i2c.c:4885:26:I2C_Mem_ISR_IT	24	static
../Drivers/STM32L4xx_HAL_Driver/Src/stm32l4xx_hal_i2c.c:5303:26:I2C_Mem_ISR_DMA	16	static
../Drivers/STM32L4xx_HAL_Driver/Src/stm32l4xx_hal_i2c.c:4457:6:HAL_I2C_ER_IRQHandler	4	static
../Drivers/STM32L4xx_HAL_Driver/Src/stm32l4xx_hal_i2c.c:4691:22:HAL_I2C_GetState	0	static
../Drivers/STM32L4xx_HAL_Driver/Src/stm32l4xx_hal_i2c.c:4703:21:HAL_I2C_GetMode	0	static
../Drivers/STM32L4xx_HAL_Driver/Src/stm32l4xx_hal_i2c.c:4714:10:HAL_I2C_GetError	0	static
